Component: ARM Compiler 5.06 update 6 (build 750) Tool: armlink [4d35ed]

==============================================================================

Section Cross References

    startup.o(STACK) refers (Special) to heapauxi.o(.text) for __use_two_region_memory
    startup.o(HEAP) refers (Special) to heapauxi.o(.text) for __use_two_region_memory
    startup.o(RESET) refers (Special) to heapauxi.o(.text) for __use_two_region_memory
    startup.o(RESET) refers to startup.o(STACK) for StackMem
    startup.o(RESET) refers to systick.o(i.SysTick_Handler) for SysTick_Handler
    startup.o(RESET) refers to timer0.o(i.Timer0A_Handler) for Timer0A_Handler
    startup.o(RESET) refers to button.o(i.GPIOPortF_Handler) for GPIOPortF_Handler
    startup.o(RESET) refers to texas.o(.text) for Timer4A_Handler
    startup.o(RESET) refers to __main.o(!!!main) for __main
    startup.o(.text) refers (Special) to heapauxi.o(.text) for __use_two_region_memory
    startup.o(.text) refers to startup.o(HEAP) for HeapMem
    startup.o(.text) refers to startup.o(STACK) for StackMem
    random.o(.text) refers to random.o(DATA) for M
    timer0.o(i.Timer0A_Handler) refers to timer0.o(.data) for PeriodicTask0
    timer0.o(i.Timer0_Init) refers to timer0.o(.data) for PeriodicTask0
    sound.o(i.Sound_Init) refers to dac.o(i.DAC_Init) for DAC_Init
    sound.o(i.Sound_Init) refers to button.o(i.Button_Init) for Button_Init
    sound.o(i.Sound_Play) refers to timer0.o(i.Timer0_Init) for Timer0_Init
    sound.o(i.Sound_Play) refers to sound.o(.data) for sound2play
    sound.o(i.Sound_Play) refers to sound.o(i.playsample) for playsample
    sound.o(i.playsample) refers to dac.o(i.DAC_Out) for DAC_Out
    sound.o(i.playsample) refers to timer0.o(i.Timer0A_Stop) for Timer0A_Stop
    sound.o(i.playsample) refers to sound.o(.data) for sounds
    sound.o(.data) refers to sound.o(.constdata) for SliceWav
    print.o(.text) refers (Special) to st7735.o(i.ST7735_OutString) for ST7735_OutString
    print.o(.text) refers to st7735.o(i.ST7735_OutChar) for ST7735_OutChar
    st7735.o(i.Output_Clear) refers to st7735.o(i.ST7735_FillScreen) for ST7735_FillScreen
    st7735.o(i.Output_Color) refers to st7735.o(i.ST7735_SetTextColor) for ST7735_SetTextColor
    st7735.o(i.Output_Init) refers to st7735.o(i.ST7735_InitR) for ST7735_InitR
    st7735.o(i.Output_Init) refers to st7735.o(i.ST7735_FillScreen) for ST7735_FillScreen
    st7735.o(i.Output_Off) refers to st7735.o(i.Output_Clear) for Output_Clear
    st7735.o(i.Output_On) refers to st7735.o(i.Output_Init) for Output_Init
    st7735.o(i.ST7735_DrawBitmap) refers to st7735.o(i.setAddrWindow) for setAddrWindow
    st7735.o(i.ST7735_DrawBitmap) refers to lcd.o(.text) for writedata
    st7735.o(i.ST7735_DrawBitmap) refers to st7735.o(.data) for _width
    st7735.o(i.ST7735_DrawChar) refers to st7735.o(i.setAddrWindow) for setAddrWindow
    st7735.o(i.ST7735_DrawChar) refers to st7735.o(i.pushColor) for pushColor
    st7735.o(i.ST7735_DrawChar) refers to st7735.o(.data) for _width
    st7735.o(i.ST7735_DrawChar) refers to st7735.o(.constdata) for Font
    st7735.o(i.ST7735_DrawCharS) refers to st7735.o(i.ST7735_DrawPixel) for ST7735_DrawPixel
    st7735.o(i.ST7735_DrawCharS) refers to st7735.o(i.ST7735_FillRect) for ST7735_FillRect
    st7735.o(i.ST7735_DrawCharS) refers to st7735.o(.data) for _width
    st7735.o(i.ST7735_DrawCharS) refers to st7735.o(.constdata) for Font
    st7735.o(i.ST7735_DrawFastHLine) refers to st7735.o(i.setAddrWindow) for setAddrWindow
    st7735.o(i.ST7735_DrawFastHLine) refers to lcd.o(.text) for writedata
    st7735.o(i.ST7735_DrawFastHLine) refers to st7735.o(.data) for _width
    st7735.o(i.ST7735_DrawFastVLine) refers to st7735.o(i.setAddrWindow) for setAddrWindow
    st7735.o(i.ST7735_DrawFastVLine) refers to lcd.o(.text) for writedata
    st7735.o(i.ST7735_DrawFastVLine) refers to st7735.o(.data) for _width
    st7735.o(i.ST7735_DrawPixel) refers to st7735.o(i.setAddrWindow) for setAddrWindow
    st7735.o(i.ST7735_DrawPixel) refers to st7735.o(i.pushColor) for pushColor
    st7735.o(i.ST7735_DrawPixel) refers to st7735.o(.data) for _width
    st7735.o(i.ST7735_DrawString) refers to st7735.o(i.ST7735_DrawCharS) for ST7735_DrawCharS
    st7735.o(i.ST7735_FillRect) refers to st7735.o(i.setAddrWindow) for setAddrWindow
    st7735.o(i.ST7735_FillRect) refers to lcd.o(.text) for writedata
    st7735.o(i.ST7735_FillRect) refers to st7735.o(.data) for _width
    st7735.o(i.ST7735_FillScreen) refers to st7735.o(i.ST7735_FillRect) for ST7735_FillRect
    st7735.o(i.ST7735_FillScreen) refers to st7735.o(.data) for _height
    st7735.o(i.ST7735_InitB) refers to st7735.o(i.commonInit) for commonInit
    st7735.o(i.ST7735_InitB) refers to st7735.o(i.ST7735_SetCursor) for ST7735_SetCursor
    st7735.o(i.ST7735_InitB) refers to st7735.o(i.ST7735_FillScreen) for ST7735_FillScreen
[...]
    st7735.o(i.ST7735_OutUDec) refers to st7735.o(.data) for Messageindex
    st7735.o(i.ST7735_OutUDec) refers to st7735.o(.bss) for Message
    st7735.o(i.ST7735_PlotBar) refers to st7735.o(i.ST7735_DrawFastVLine) for ST7735_DrawFastVLine
    st7735.o(i.ST7735_PlotBar) refers to st7735.o(.data) for Ymin
    st7735.o(i.ST7735_PlotClear) refers to st7735.o(i.ST7735_Color565) for ST7735_Color565
    st7735.o(i.ST7735_PlotClear) refers to st7735.o(i.ST7735_FillRect) for ST7735_FillRect
    st7735.o(i.ST7735_PlotClear) refers to st7735.o(.data) for Ymax
    st7735.o(i.ST7735_PlotLine) refers to st7735.o(i.ST7735_DrawPixel) for ST7735_DrawPixel
    st7735.o(i.ST7735_PlotLine) refers to st7735.o(.data) for Ymin
    st7735.o(i.ST7735_PlotNext) refers to st7735.o(.data) for X
    st7735.o(i.ST7735_PlotNextErase) refers to st7735.o(i.ST7735_Color565) for ST7735_Color565
    st7735.o(i.ST7735_PlotNextErase) refers to st7735.o(i.ST7735_DrawFastVLine) for ST7735_DrawFastVLine
    st7735.o(i.ST7735_PlotNextErase) refers to st7735.o(.data) for X
    st7735.o(i.ST7735_PlotPoint) refers to st7735.o(i.ST7735_DrawPixel) for ST7735_DrawPixel
    st7735.o(i.ST7735_PlotPoint) refers to st7735.o(.data) for Ymin
    st7735.o(i.ST7735_PlotPoints) refers to st7735.o(i.ST7735_DrawPixel) for ST7735_DrawPixel
    st7735.o(i.ST7735_PlotPoints) refers to st7735.o(.data) for Ymin
    st7735.o(i.ST7735_PlotdBfs) refers to st7735.o(i.ST7735_DrawFastVLine) for ST7735_DrawFastVLine
    st7735.o(i.ST7735_PlotdBfs) refers to st7735.o(.constdata) for dBfs
    st7735.o(i.ST7735_PlotdBfs) refers to st7735.o(.data) for X
    st7735.o(i.ST7735_SetCursor) refers to st7735.o(.data) for StX
    st7735.o(i.ST7735_SetRotation) refers to lcd.o(.text) for writecommand
    st7735.o(i.ST7735_SetRotation) refers to st7735.o(.data) for Rotation
    st7735.o(i.ST7735_SetTextColor) refers to st7735.o(.data) for StTextColor
    st7735.o(i.commandList) refers to lcd.o(.text) for writecommand
    st7735.o(i.commandList) refers to st7735.o(i.Delay1ms) for Delay1ms
    st7735.o(i.commonInit) refers to st7735.o(i.Delay1ms) for Delay1ms
    st7735.o(i.commonInit) refers to st7735.o(i.commandList) for commandList
    st7735.o(i.commonInit) refers to st7735.o(.data) for RowStart
    st7735.o(i.fillmessage) refers to st7735.o(.bss) for Message
    st7735.o(i.fillmessage) refers to st7735.o(.data) for Messageindex
    st7735.o(i.fputc) refers to st7735.o(i.ST7735_OutChar) for ST7735_OutChar
    st7735.o(i.pushColor) refers to lcd.o(.text) for writedata
    st7735.o(i.setAddrWindow) refers to lcd.o(.text) for writecommand
    st7735.o(i.setAddrWindow) refers to st7735.o(.data) for ColStart
    systick.o(i.Collision) refers to sound.o(i.Sound_Play) for Sound_Play
    systick.o(i.Collision) refers to fruithackers.o(.data) for f_ptr
    systick.o(i.Collision) refers to button.o(.data) for slice_pressed
    systick.o(i.Collision) refers to systick.o(.data) for collide_flag
    systick.o(i.SysTick_Handler) refers to adc.o(i.ADC_In) for ADC_In
    systick.o(i.SysTick_Handler) refers to systick.o(i.jump_systick) for jump_systick
    systick.o(i.SysTick_Handler) refers to systick.o(i.move_ninja) for move_ninja
    systick.o(i.SysTick_Handler) refers to systick.o(i.fruit_fall) for fruit_fall
    systick.o(i.SysTick_Handler) refers to systick.o(i.move_fruit) for move_fruit
    systick.o(i.SysTick_Handler) refers to systick.o(i.fruit_dead) for fruit_dead
    systick.o(i.SysTick_Handler) refers to systick.o(i.Collision) for Collision
    systick.o(i.SysTick_Handler) refers to fruithackers.o(.data) for last_ADC
    systick.o(i.SysTick_Init) refers to systick.o(i.PortF_Init) for PortF_Init
    systick.o(i.SysTick_Init) refers to button.o(.data) for Jump_flag
    systick.o(i.SysTick_Init) refers to systick.o(.data) for systick_count
    systick.o(i.fruit_dead) refers to fruithackers.o(.data) for f_ptr
    systick.o(i.fruit_fall) refers to random.o(.text) for Random
    systick.o(i.fruit_fall) refers to systick.o(.data) for systick_count
    systick.o(i.fruit_fall) refers to fruithackers.o(.data) for f_ptr
    systick.o(i.fruit_fall) refers to systick.o(.constdata) for x_pos
    systick.o(i.jump_systick) refers to button.o(.data) for Jump_flag
    systick.o(i.jump_systick) refers to fruithackers.o(.data) for Nin_ptr
    systick.o(i.jump_systick) refers to systick.o(.data) for jump_stop
    systick.o(i.move_fruit) refers to fruithackers.o(.data) for f_ptr
    systick.o(i.move_ninja) refers to fruithackers.o(.data) for Nin_ptr
    button.o(i.Button_Init) refers to button.o(.data) for slice_pressed
    button.o(i.GPIOPortF_Handler) refers to sound.o(i.Sound_Play) for Sound_Play
    button.o(i.GPIOPortF_Handler) refers to button.o(.data) for slice_pressed
    texas.o(.text) refers to texas.o(.bss) for TExaS
    texas.o(.text) refers to texas.o(.constdata) for IntroMsg
    texas.o(.text) refers to texas.o(.data) for LastMode
    fruithackers.o(i.Game_Init) refers to adc.o(i.ADC_In) for ADC_In
    fruithackers.o(i.Game_Init) refers to fruithackers.o(.data) for game_over
    fruithackers.o(i.Game_Init) refers to fruithackers.o(.bss) for Fruits
    fruithackers.o(i.Game_Init) refers to fruithackers.o(.constdata) for Ninja1
    fruithackers.o(i.choose_language) refers to button.o(i.IO_Init) for IO_Init
    fruithackers.o(i.choose_language) refers to st7735.o(i.ST7735_DrawBitmap) for ST7735_DrawBitmap
    fruithackers.o(i.choose_language) refers to st7735.o(i.ST7735_FillScreen) for ST7735_FillScreen
    fruithackers.o(i.choose_language) refers to st7735.o(i.ST7735_OutString) for ST7735_OutString
    fruithackers.o(i.choose_language) refers to st7735.o(i.ST7735_SetCursor) for ST7735_SetCursor
    fruithackers.o(i.choose_language) refers to fruithackers.o(.constdata) for FruitHackers
    fruithackers.o(i.choose_language) refers to fruithackers.o(.data) for Dutch
    fruithackers.o(i.main) refers to startup.o(.text) for DisableInterrupts
    fruithackers.o(i.main) refers to texas.o(.text) for TExaS_Init
    fruithackers.o(i.main) refers to st7735.o(i.ST7735_InitR) for ST7735_InitR
    fruithackers.o(i.main) refers to fruithackers.o(i.choose_language) for choose_language
    fruithackers.o(i.main) refers to random.o(.text) for Random_Init
    fruithackers.o(i.main) refers to adc.o(i.ADC_Init) for ADC_Init
    fruithackers.o(i.main) refers to sound.o(i.Sound_Init) for Sound_Init
    fruithackers.o(i.main) refers to fruithackers.o(i.Game_Init) for Game_Init
    fruithackers.o(i.main) refers to systick.o(i.SysTick_Init) for SysTick_Init
    fruithackers.o(i.main) refers to st7735.o(i.ST7735_DrawBitmap) for ST7735_DrawBitmap
    fruithackers.o(i.main) refers to st7735.o(i.ST7735_FillScreen) for ST7735_FillScreen
    fruithackers.o(i.main) refers to st7735.o(i.ST7735_SetCursor) for ST7735_SetCursor
    fruithackers.o(i.main) refers to st7735.o(i.ST7735_OutString) for ST7735_OutString
    fruithackers.o(i.main) refers to print.o(.text) for LCD_OutDec
    fruithackers.o(i.main) refers to fruithackers.o(.constdata) for Ninja1
    fruithackers.o(i.main) refers to fruithackers.o(.bss) for Ninja
    fruithackers.o(i.main) refers to systick.o(.data) for collide_flag
    fruithackers.o(i.main) refers to fruithackers.o(.data) for game_over
    fruithackers.o(.data) refers to fruithackers.o(.constdata) for Apple
    fruithackers.o(.data) refers to fruithackers.o(.bss) for Fruits
    __main.o(!!!main) refers to __rtentry.o(.ARM.Collect$$rtentry$$00000000) for __rt_entry
    __rtentry.o(.ARM.Collect$$rtentry$$00000000) refers (Special) to __rtentry2.o(.ARM.Collect$$rtentry$$0000000A) for __rt_entry_li
    __rtentry.o(.ARM.Collect$$rtentry$$00000000) refers (Special) to __rtentry2.o(.ARM.Collect$$rtentry$$0000000D) for __rt_entry_main
    __rtentry.o(.ARM.Collect$$rtentry$$00000000) refers (Special) to __rtentry2.o(.ARM.Collect$$rtentry$$0000000C) for __rt_entry_postli_1
    __rtentry.o(.ARM.Collect$$rtentry$$00000000) refers (Special) to __rtentry2.o(.ARM.Collect$$rtentry$$00000009) for __rt_entry_postsh_1
    __rtentry.o(.ARM.Collect$$rtentry$$00000000) refers (Special) to __rtentry2.o(.ARM.Collect$$rtentry$$00000002) for __rt_entry_presh_1
    __rtentry.o(.ARM.Collect$$rtentry$$00000000) refers (Special) to __rtentry4.o(.ARM.Collect$$rtentry$$00000004) for __rt_entry_sh
    __rtentry2.o(.ARM.Collect$$rtentry$$00000008) refers to boardinit2.o(.text) for _platform_post_stackheap_init
    __rtentry2.o(.ARM.Collect$$rtentry$$0000000A) refers to libinit.o(.ARM.Collect$$libinit$$00000000) for __rt_lib_init
    __rtentry2.o(.ARM.Collect$$rtentry$$0000000B) refers to boardinit3.o(.text) for _platform_post_lib_init
    __rtentry2.o(.ARM.Collect$$rtentry$$0000000D) refers to fruithackers.o(i.main) for main
    __rtentry2.o(.ARM.Collect$$rtentry$$0000000D) refers to exit.o(.text) for exit
    __rtentry2.o(.ARM.exidx) refers to __rtentry2.o(.ARM.Collect$$rtentry$$00000001) for .ARM.Collect$$rtentry$$00000001
    __rtentry2.o(.ARM.exidx) refers to __rtentry2.o(.ARM.Collect$$rtentry$$00000008) for .ARM.Collect$$rtentry$$00000008
    __rtentry2.o(.ARM.exidx) refers to __rtentry2.o(.ARM.Collect$$rtentry$$0000000A) for .ARM.Collect$$rtentry$$0000000A
    __rtentry2.o(.ARM.exidx) refers to __rtentry2.o(.ARM.Collect$$rtentry$$0000000B) for .ARM.Collect$$rtentry$$0000000B
    __rtentry2.o(.ARM.exidx) refers to __rtentry2.o(.ARM.Collect$$rtentry$$0000000D) for .ARM.Collect$$rtentry$$0000000D
    __rtentry4.o(.ARM.Collect$$rtentry$$00000004) refers to sys_stackheap_outer.o(.text) for __user_setup_stackheap
    __rtentry4.o(.ARM.exidx) refers to __rtentry4.o(.ARM.Collect$$rtentry$$00000004) for .ARM.Collect$$rtentry$$00000004
    sys_stackheap_outer.o(.text) refers to libspace.o(.text) for __user_perproc_libspace
    sys_stackheap_outer.o(.text) refers to startup.o(.text) for __user_initial_stackheap
    exit.o(.text) refers to rtexit.o(.ARM.Collect$$rtexit$$00000000) for __rt_exit
    libinit.o(.ARM.Collect$$libinit$$00000000) refers (Special) to libinit2.o(.ARM.Collect$$libinit$$0000002E) for __rt_lib_init_alloca_1
    libinit.o(.ARM.Collect$$libinit$$00000000) refers (Special) to libinit2.o(.ARM.Collect$$libinit$$0000002C) for __rt_lib_init_argv_1
    libinit.o(.ARM.Collect$$libinit$$00000000) refers (Special) to libinit2.o(.ARM.Collect$$libinit$$0000001B) for __rt_lib_init_atexit_1
    libinit.o(.ARM.Collect$$libinit$$00000000) refers (Special) to libinit2.o(.ARM.Collect$$libinit$$00000021) for __rt_lib_init_clock_1
    libinit.o(.ARM.Collect$$libinit$$00000000) refers (Special) to libinit2.o(.ARM.Collect$$libinit$$00000032) for __rt_lib_init_cpp_1
    libinit.o(.ARM.Collect$$libinit$$00000000) refers (Special) to libinit2.o(.ARM.Collect$$libinit$$00000030) for __rt_lib_init_exceptions_1
    libinit.o(.ARM.Collect$$libinit$$00000000) refers (Special) to libinit2.o(.ARM.Collect$$libinit$$00000002) for __rt_lib_init_fp_1
    libinit.o(.ARM.Collect$$libinit$$00000000) refers (Special) to libinit2.o(.ARM.Collect$$libinit$$0000001F) for __rt_lib_init_fp_trap_1
    libinit.o(.ARM.Collect$$libinit$$00000000) refers (Special) to libinit2.o(.ARM.Collect$$libinit$$00000023) for __rt_lib_init_getenv_1
    libinit.o(.ARM.Collect$$libinit$$00000000) refers (Special) to libinit2.o(.ARM.Collect$$libinit$$0000000A) for __rt_lib_init_heap_1
    libinit.o(.ARM.Collect$$libinit$$00000000) refers (Special) to libinit2.o(.ARM.Collect$$libinit$$00000011) for __rt_lib_init_lc_collate_1
    libinit.o(.ARM.Collect$$libinit$$00000000) refers (Special) to libinit2.o(.ARM.Collect$$libinit$$00000013) for __rt_lib_init_lc_ctype_1
    libinit.o(.ARM.Collect$$libinit$$00000000) refers (Special) to libinit2.o(.ARM.Collect$$libinit$$00000015) for __rt_lib_init_lc_monetary_1
    libinit.o(.ARM.Collect$$libinit$$00000000) refers (Special) to libinit2.o(.ARM.Collect$$libinit$$00000017) for __rt_lib_init_lc_numeric_1
    libinit.o(.ARM.Collect$$libinit$$00000000) refers (Special) to libinit2.o(.ARM.Collect$$libinit$$00000019) for __rt_lib_init_lc_time_1
    libinit.o(.ARM.Collect$$libinit$$00000000) refers (Special) to libinit2.o(.ARM.Collect$$libinit$$00000004) for __rt_lib_init_preinit_1
    libinit.o(.ARM.Collect$$libinit$$00000000) refers (Special) to libinit2.o(.ARM.Collect$$libinit$$0000000E) for __rt_lib_init_rand_1
    libinit.o(.ARM.Collect$$libinit$$00000000) refers (Special) to libinit2.o(.ARM.Collect$$libinit$$00000033) for __rt_lib_init_return
    libinit.o(.ARM.Collect$$libinit$$00000000) refers (Special) to libinit2.o(.ARM.Collect$$libinit$$0000001D) for __rt_lib_init_signal_1
    libinit.o(.ARM.Collect$$libinit$$00000000) refers (Special) to libinit2.o(.ARM.Collect$$libinit$$00000025) for __rt_lib_init_stdio_1
    libinit.o(.ARM.Collect$$libinit$$00000000) refers (Special) to libinit2.o(.ARM.Collect$$libinit$$0000000C) for __rt_lib_init_user_alloc_1
    libspace.o(.text) refers to libspace.o(.bss) for __libspace_start
    rtexit.o(.ARM.Collect$$rtexit$$00000000) refers (Special) to rtexit2.o(.ARM.Collect$$rtexit$$00000004) for __rt_exit_exit
    rtexit.o(.ARM.Collect$$rtexit$$00000000) refers (Special) to rtexit2.o(.ARM.Collect$$rtexit$$00000003) for __rt_exit_ls
    rtexit.o(.ARM.Collect$$rtexit$$00000000) refers (Special) to rtexit2.o(.ARM.Collect$$rtexit$$00000002) for __rt_exit_prels_1
    rtexit.o(.ARM.exidx) refers (Special) to rtexit2.o(.ARM.Collect$$rtexit$$00000004) for __rt_exit_exit
    rtexit.o(.ARM.exidx) refers (Special) to rtexit2.o(.ARM.Collect$$rtexit$$00000003) for __rt_exit_ls
    rtexit.o(.ARM.exidx) refers (Special) to rtexit2.o(.ARM.Collect$$rtexit$$00000002) for __rt_exit_prels_1
    rtexit.o(.ARM.exidx) refers to rtexit.o(.ARM.Collect$$rtexit$$00000000) for .ARM.Collect$$rtexit$$00000000
    libinit2.o(.ARM.Collect$$libinit$$00000010) refers to libinit2.o(.ARM.Collect$$libinit$$0000000F) for .ARM.Collect$$libinit$$0000000F
    libinit2.o(.ARM.Collect$$libinit$$00000012) refers to libinit2.o(.ARM.Collect$$libinit$$0000000F) for .ARM.Collect$$libinit$$0000000F
    libinit2.o(.ARM.Collect$$libinit$$00000014) refers to libinit2.o(.ARM.Collect$$libinit$$0000000F) for .ARM.Collect$$libinit$$0000000F
    libinit2.o(.ARM.Collect$$libinit$$00000016) refers to libinit2.o(.ARM.Collect$$libinit$$0000000F) for .ARM.Collect$$libinit$$0000000F
    libinit2.o(.ARM.Collect$$libinit$$00000018) refers to libinit2.o(.ARM.Collect$$libinit$$0000000F) for .ARM.Collect$$libinit$$0000000F
    libinit2.o(.ARM.Collect$$libinit$$00000026) refers to argv_veneer.o(.emb_text) for __ARM_argv_veneer
    libinit2.o(.ARM.Collect$$libinit$$00000027) refers to argv_veneer.o(.emb_text) for __ARM_argv_veneer
    rtexit2.o(.ARM.Collect$$rtexit$$00000003) refers to libshutdown.o(.ARM.Collect$$libshutdown$$00000000) for __rt_lib_shutdown
    rtexit2.o(.ARM.Collect$$rtexit$$00000004) refers to sys_exit.o(.text) for _sys_exit
    rtexit2.o(.ARM.exidx) refers to rtexit2.o(.ARM.Collect$$rtexit$$00000001) for .ARM.Collect$$rtexit$$00000001
    rtexit2.o(.ARM.exidx) refers to rtexit2.o(.ARM.Collect$$rtexit$$00000003) for .ARM.Collect$$rtexit$$00000003
    rtexit2.o(.ARM.exidx) refers to rtexit2.o(.ARM.Collect$$rtexit$$00000004) for .ARM.Collect$$rtexit$$00000004
    argv_veneer.o(.emb_text) refers to no_argv.o(.text) for __ARM_get_argv
    sys_exit.o(.text) refers (Special) to use_no_semi.o(.text) for __I$use$semihosting
    sys_exit.o(.text) refers (Special) to indicate_semi.o(.text) for __semihosting_library_function
    _get_argv_nomalloc.o(.text) refers (Special) to hrguard.o(.text) for __heap_region$guard
    _get_argv_nomalloc.o(.text) refers to defsig_rtmem_outer.o(.text) for __rt_SIGRTMEM
    _get_argv_nomalloc.o(.text) refers to sys_command.o(.text) for _sys_command_string
    libshutdown.o(.ARM.Collect$$libshutdown$$00000000) refers (Special) to libshutdown2.o(.ARM.Collect$$libshutdown$$00000002) for __rt_lib_shutdown_cpp_1
    libshutdown.o(.ARM.Collect$$libshutdown$$00000000) refers (Special) to libshutdown2.o(.ARM.Collect$$libshutdown$$00000007) for __rt_lib_shutdown_fp_trap_1
    libshutdown.o(.ARM.Collect$$libshutdown$$00000000) refers (Special) to libshutdown2.o(.ARM.Collect$$libshutdown$$0000000F) for __rt_lib_shutdown_heap_1
    libshutdown.o(.ARM.Collect$$libshutdown$$00000000) refers (Special) to libshutdown2.o(.ARM.Collect$$libshutdown$$00000010) for __rt_lib_shutdown_return
    libshutdown.o(.ARM.Collect$$libshutdown$$00000000) refers (Special) to libshutdown2.o(.ARM.Collect$$libshutdown$$0000000A) for __rt_lib_shutdown_signal_1
    libshutdown.o(.ARM.Collect$$libshutdown$$00000000) refers (Special) to libshutdown2.o(.ARM.Collect$$libshutdown$$00000004) for __rt_lib_shutdown_stdio_1
    libshutdown.o(.ARM.Collect$$libshutdown$$00000000) refers (Special) to libshutdown2.o(.ARM.Collect$$libshutdown$$0000000C) for __rt_lib_shutdown_user_alloc_1
    sys_command.o(.text) refers (Special) to use_no_semi.o(.text) for __I$use$semihosting
    sys_command.o(.text) refers (Special) to indicate_semi.o(.text) for __semihosting_library_function
    defsig_rtmem_outer.o(.text) refers to defsig_rtmem_inner.o(.text) for __rt_SIGRTMEM_inner
    defsig_rtmem_outer.o(.text) refers to defsig_exit.o(.text) for __sig_exit
    defsig_rtmem_formal.o(.text) refers to rt_raise.o(.text) for __rt_raise
    rt_raise.o(.text) refers to __raise.o(.text) for __raise
    rt_raise.o(.text) refers to sys_exit.o(.text) for _sys_exit
    defsig_exit.o(.text) refers to sys_exit.o(.text) for _sys_exit
    defsig_rtmem_inner.o(.text) refers to defsig_general.o(.text) for __default_signal_display
    __raise.o(.text) refers to defsig.o(CL$$defsig) for __default_signal_handler
    defsig_general.o(.text) refers to sys_wrch.o(.text) for _ttywrch
    sys_wrch.o(.text) refers (Special) to use_no_semi.o(.text) for __I$use$semihosting
    sys_wrch.o(.text) refers (Special) to indicate_semi.o(.text) for __semihosting_library_function
    defsig.o(CL$$defsig) refers to defsig_rtmem_inner.o(.text) for __rt_SIGRTMEM_inner
    defsig_abrt_inner.o(.text) refers to defsig_general.o(.text) for __default_signal_display
    defsig_fpe_inner.o(.text) refers to defsig_general.o(.text) for __default_signal_display
    defsig_rtred_inner.o(.text) refers to defsig_general.o(.text) for __default_signal_display
    defsig_stak_inner.o(.text) refers to defsig_general.o(.text) for __default_signal_display
    defsig_pvfn_inner.o(.text) refers to defsig_general.o(.text) for __default_signal_display
    defsig_cppl_inner.o(.text) refers to defsig_general.o(.text) for __default_signal_display
    defsig_segv_inner.o(.text) refers to defsig_general.o(.text) for __default_signal_display
    defsig_other.o(.text) refers to defsig_general.o(.text) for __default_signal_display


==============================================================================

Removing Unused input sections from the image.

    Removing st7735.o(i.Output_Clear), (10 bytes).
    Removing st7735.o(i.Output_Color), (12 bytes).
    Removing st7735.o(i.Output_Init), (16 bytes).
    Removing st7735.o(i.Output_Off), (8 bytes).
    Removing st7735.o(i.Output_On), (8 bytes).
    Removing st7735.o(i.ST7735_Color565), (24 bytes).
    Removing st7735.o(i.ST7735_DrawChar), (272 bytes).
    Removing st7735.o(i.ST7735_DrawFastHLine), (124 bytes).
    Removing st7735.o(i.ST7735_DrawFastVLine), (124 bytes).
    Removing st7735.o(i.ST7735_InitB), (40 bytes).
    Removing st7735.o(i.ST7735_InvertDisplay), (22 bytes).
    Removing st7735.o(i.ST7735_OutUDec), (144 bytes).
    Removing st7735.o(i.ST7735_PlotBar), (88 bytes).
    Removing st7735.o(i.ST7735_PlotClear), (92 bytes).
    Removing st7735.o(i.ST7735_PlotLine), (252 bytes).
    Removing st7735.o(i.ST7735_PlotNext), (32 bytes).
    Removing st7735.o(i.ST7735_PlotNextErase), (64 bytes).
    Removing st7735.o(i.ST7735_PlotPoint), (144 bytes).
    Removing st7735.o(i.ST7735_PlotPoints), (168 bytes).
    Removing st7735.o(i.ST7735_PlotdBfs), (60 bytes).
    Removing st7735.o(i.ST7735_SetRotation), (212 bytes).
    Removing st7735.o(i.ST7735_SetTextColor), (12 bytes).
    Removing st7735.o(i.ST7735_SwapColor), (18 bytes).
    Removing st7735.o(i.ferror), (8 bytes).
    Removing st7735.o(i.fgetc), (6 bytes).
    Removing st7735.o(i.fillmessage), (72 bytes).
    Removing st7735.o(i.fputc), (16 bytes).
    Removing st7735.o(.bss), (12 bytes).

28 unused section(s) (total 2060 bytes) removed from the image.

==============================================================================

Image Symbol Table

    Local Symbols

    Symbol Name                              Value     Ov Type        Size  Object(Section)

    RESET                                    0x00000000   Section      644  startup.o(RESET)
    ../clib/angel/boardlib.s                 0x00000000   Number         0  boardshut.o ABSOLUTE
    ../clib/angel/boardlib.s                 0x00000000   Number         0  boardinit3.o ABSOLUTE
    ../clib/angel/boardlib.s                 0x00000000   Number         0  boardinit2.o ABSOLUTE
    ../clib/angel/boardlib.s                 0x00000000   Number         0  boardinit1.o ABSOLUTE
    ../clib/angel/handlers.s                 0x00000000   Number         0  __scatter_zi.o ABSOLUTE
    ../clib/angel/handlers.s                 0x00000000   Number         0  __scatter_copy.o ABSOLUTE
    ../clib/angel/kernel.s                   0x00000000   Number         0  __rtentry2.o ABSOLUTE
    ../clib/angel/kernel.s                   0x00000000   Number         0  __rtentry.o ABSOLUTE
    ../clib/angel/kernel.s                   0x00000000   Number         0  __rtentry4.o ABSOLUTE
    ../clib/angel/kernel.s                   0x00000000   Number         0  rtexit2.o ABSOLUTE
    ../clib/angel/kernel.s                   0x00000000   Number         0  rtexit.o ABSOLUTE
    ../clib/angel/rt.s                       0x00000000   Number         0  rt_raise.o ABSOLUTE
    ../clib/angel/scatter.s                  0x00000000   Number         0  __scatter.o ABSOLUTE
    ../clib/angel/startup.s                  0x00000000   Number         0  __main.o ABSOLUTE
    ../clib/angel/sys.s                      0x00000000   Number         0  sys_stackheap_outer.o ABSOLUTE
    ../clib/angel/sys.s                      0x00000000   Number         0  libspace.o ABSOLUTE
    ../clib/angel/sys.s                      0x00000000   Number         0  indicate_semi.o ABSOLUTE
    ../clib/angel/sys.s                      0x00000000   Number         0  use_no_semi.o ABSOLUTE
    ../clib/angel/sysapp.c                   0x00000000   Number         0  sys_exit.o ABSOLUTE
    ../clib/angel/sysapp.c                   0x00000000   Number         0  sys_wrch.o ABSOLUTE
    ../clib/angel/sysapp.c                   0x00000000   Number         0  sys_command.o ABSOLUTE
    ../clib/armsys.c                         0x00000000   Number         0  argv_veneer.o ABSOLUTE
    ../clib/armsys.c                         0x00000000   Number         0  argv_veneer.o ABSOLUTE
    ../clib/armsys.c                         0x00000000   Number         0  no_argv.o ABSOLUTE
    ../clib/armsys.c                         0x00000000   Number         0  _get_argv_nomalloc.o ABSOLUTE
    ../clib/heapalloc.c                      0x00000000   Number         0  hrguard.o ABSOLUTE
    ../clib/heapaux.c                        0x00000000   Number         0  heapauxi.o ABSOLUTE
    ../clib/libinit.s                        0x00000000   Number         0  libinit2.o ABSOLUTE
    ../clib/libinit.s                        0x00000000   Number         0  libshutdown.o ABSOLUTE
    ../clib/libinit.s                        0x00000000   Number         0  libshutdown2.o ABSOLUTE
    ../clib/libinit.s                        0x00000000   Number         0  libinit.o ABSOLUTE
    ../clib/signal.c                         0x00000000   Number         0  defsig_exit.o ABSOLUTE
    ../clib/signal.c                         0x00000000   Number         0  defsig_other.o ABSOLUTE
    ../clib/signal.c                         0x00000000   Number         0  defsig_rtmem_formal.o ABSOLUTE
    ../clib/signal.c                         0x00000000   Number         0  defsig_segv_inner.o ABSOLUTE
    ../clib/signal.c                         0x00000000   Number         0  defsig_cppl_inner.o ABSOLUTE
    ../clib/signal.c                         0x00000000   Number         0  defsig_pvfn_inner.o ABSOLUTE
    ../clib/signal.c                         0x00000000   Number         0  defsig_stak_inner.o ABSOLUTE
    ../clib/signal.c                         0x00000000   Number         0  defsig_fpe_inner.o ABSOLUTE
    ../clib/signal.c                         0x00000000   Number         0  defsig_abrt_inner.o ABSOLUTE
    ../clib/signal.c                         0x00000000   Number         0  defsig_rtred_inner.o ABSOLUTE
    ../clib/signal.c                         0x00000000   Number         0  defsig_general.o ABSOLUTE
    ../clib/signal.c                         0x00000000   Number         0  __raise.o ABSOLUTE
    ../clib/signal.c                         0x00000000   Number         0  defsig_rtmem_inner.o ABSOLUTE
    ../clib/signal.c                         0x00000000   Number         0  defsig_rtmem_outer.o ABSOLUTE
    ../clib/signal.s                         0x00000000   Number         0  defsig.o ABSOLUTE
    ../clib/stdlib.c                         0x00000000   Number         0  exit.o ABSOLUTE
    ../fplib/fpinit.s                        0x00000000   Number         0  fpinit.o ABSOLUTE
    ADC.c                                    0x00000000   Number         0  adc.o ABSOLUTE
    Button.c                                 0x00000000   Number         0  button.o ABSOLUTE
    DAC.c                                    0x00000000   Number         0  dac.o ABSOLUTE
    FruitHackers.c                           0x00000000   Number         0  fruithackers.o ABSOLUTE
    LCD.s                                    0x00000000   Number         0  lcd.o ABSOLUTE
    Print.s                                  0x00000000   Number         0  print.o ABSOLUTE
    ST7735.c                                 0x00000000   Number         0  st7735.o ABSOLUTE
    Sound.c                                  0x00000000   Number         0  sound.o ABSOLUTE
    SysTick.c                                0x00000000   Number         0  systick.o ABSOLUTE
    TExaS.c                                  0x00000000   Number         0  texas.o ABSOLUTE
    Timer0.c                                 0x00000000   Number         0  timer0.o ABSOLUTE
    dc.s                                     0x00000000   Number         0  dc.o ABSOLUTE
    random.s                                 0x00000000   Number         0  random.o ABSOLUTE
    startup.s                                0x00000000   Number         0  startup.o ABSOLUTE
    !!!main                                  0x00000284   Section        8  __main.o(!!!main)
    !!!scatter                               0x0000028c   Section       52  __scatter.o(!!!scatter)
    !!handler_copy                           0x000002c0   Section       26  __scatter_copy.o(!!handler_copy)
    !!handler_zi                             0x000002dc   Section       28  __scatter_zi.o(!!handler_zi)
    .ARM.Collect$$libinit$$00000000          0x000002f8   Section        2  libinit.o(.ARM.Collect$$libinit$$00000000)
    .ARM.Collect$$libinit$$00000002          0x000002fa   Section        0  libinit2.o(.ARM.Collect$$libinit$$00000002)
    .ARM.Collect$$libinit$$00000004          0x000002fa   Section        0  libinit2.o(.ARM.Collect$$libinit$$00000004)
    .ARM.Collect$$libinit$$0000000A          0x000002fa   Section        0  libinit2.o(.ARM.Collect$$libinit$$0000000A)
    .ARM.Collect$$libinit$$0000000C          0x000002fa   Section        0  libinit2.o(.ARM.Collect$$libinit$$0000000C)
    .ARM.Collect$$libinit$$0000000E          0x000002fa   Section        0  libinit2.o(.ARM.Collect$$libinit$$0000000E)
    .ARM.Collect$$libinit$$00000011          0x000002fa   Section        0  libinit2.o(.ARM.Collect$$libinit$$00000011)
    .ARM.Collect$$libinit$$00000013          0x000002fa   Section        0  libinit2.o(.ARM.Collect$$libinit$$00000013)
    .ARM.Collect$$libinit$$00000015          0x000002fa   Section        0  libinit2.o(.ARM.Collect$$libinit$$00000015)
    .ARM.Collect$$libinit$$00000017          0x000002fa   Section        0  libinit2.o(.ARM.Collect$$libinit$$00000017)
    .ARM.Collect$$libinit$$00000019          0x000002fa   Section        0  libinit2.o(.ARM.Collect$$libinit$$00000019)
    .ARM.Collect$$libinit$$0000001B          0x000002fa   Section        0  libinit2.o(.ARM.Collect$$libinit$$0000001B)
    .ARM.Collect$$libinit$$0000001D          0x000002fa   Section        0  libinit2.o(.ARM.Collect$$libinit$$0000001D)
    .ARM.Collect$$libinit$$0000001F          0x000002fa   Section        0  libinit2.o(.ARM.Collect$$libinit$$0000001F)
    .ARM.Collect$$libinit$$00000021          0x000002fa   Section        0  libinit2.o(.ARM.Collect$$libinit$$00000021)
    .ARM.Collect$$libinit$$00000023          0x000002fa   Section        0  libinit2.o(.ARM.Collect$$libinit$$00000023)
    .ARM.Collect$$libinit$$00000025          0x000002fa   Section        0  libinit2.o(.ARM.Collect$$libinit$$00000025)
    .ARM.Collect$$libinit$$0000002C          0x000002fa   Section        0  libinit2.o(.ARM.Collect$$libinit$$0000002C)
    .ARM.Collect$$libinit$$0000002E          0x000002fa   Section        0  libinit2.o(.ARM.Collect$$libinit$$0000002E)
    .ARM.Collect$$libinit$$00000030          0x000002fa   Section        0  libinit2.o(.ARM.Collect$$libinit$$00000030)
    .ARM.Collect$$libinit$$00000032          0x000002fa   Section        0  libinit2.o(.ARM.Collect$$libinit$$00000032)
    .ARM.Collect$$libinit$$00000033          0x000002fa   Section        2  libinit2.o(.ARM.Collect$$libinit$$00000033)
    .ARM.Collect$$libshutdown$$00000000      0x000002fc   Section        2  libshutdown.o(.ARM.Collect$$libshutdown$$00000000)
    .ARM.Collect$$libshutdown$$00000002      0x000002fe   Section        0  libshutdown2.o(.ARM.Collect$$libshutdown$$00000002)
    .ARM.Collect$$libshutdown$$00000004      0x000002fe   Section        0  libshutdown2.o(.ARM.Collect$$libshutdown$$00000004)
    .ARM.Collect$$libshutdown$$00000007      0x000002fe   Section        0  libshutdown2.o(.ARM.Collect$$libshutdown$$00000007)
    .ARM.Collect$$libshutdown$$0000000A      0x000002fe   Section        0  libshutdown2.o(.ARM.Collect$$libshutdown$$0000000A)
    .ARM.Collect$$libshutdown$$0000000C      0x000002fe   Section        0  libshutdown2.o(.ARM.Collect$$libshutdown$$0000000C)
    .ARM.Collect$$libshutdown$$0000000F      0x000002fe   Section        0  libshutdown2.o(.ARM.Collect$$libshutdown$$0000000F)
    .ARM.Collect$$libshutdown$$00000010      0x000002fe   Section        2  libshutdown2.o(.ARM.Collect$$libshutdown$$00000010)
    .ARM.Collect$$rtentry$$00000000          0x00000300   Section        0  __rtentry.o(.ARM.Collect$$rtentry$$00000000)
    .ARM.Collect$$rtentry$$00000002          0x00000300   Section        0  __rtentry2.o(.ARM.Collect$$rtentry$$00000002)
    .ARM.Collect$$rtentry$$00000004          0x00000300   Section        6  __rtentry4.o(.ARM.Collect$$rtentry$$00000004)
    .ARM.Collect$$rtentry$$00000009          0x00000306   Section        0  __rtentry2.o(.ARM.Collect$$rtentry$$00000009)
    .ARM.Collect$$rtentry$$0000000A          0x00000306   Section        4  __rtentry2.o(.ARM.Collect$$rtentry$$0000000A)
    .ARM.Collect$$rtentry$$0000000C          0x0000030a   Section        0  __rtentry2.o(.ARM.Collect$$rtentry$$0000000C)
    .ARM.Collect$$rtentry$$0000000D          0x0000030a   Section        8  __rtentry2.o(.ARM.Collect$$rtentry$$0000000D)
    .ARM.Collect$$rtexit$$00000000           0x00000312   Section        2  rtexit.o(.ARM.Collect$$rtexit$$00000000)
    .ARM.Collect$$rtexit$$00000002           0x00000314   Section        0  rtexit2.o(.ARM.Collect$$rtexit$$00000002)
    .ARM.Collect$$rtexit$$00000003           0x00000314   Section        4  rtexit2.o(.ARM.Collect$$rtexit$$00000003)
    .ARM.Collect$$rtexit$$00000004           0x00000318   Section        6  rtexit2.o(.ARM.Collect$$rtexit$$00000004)
    .text                                    0x00000320   Section       48  startup.o(.text)
    .text                                    0x00000350   Section       60  random.o(.text)
    .text                                    0x0000038c   Section       80  lcd.o(.text)
    .text                                    0x000003dc   Section      184  print.o(.text)
    .text                                    0x00000494   Section        0  texas.o(.text)
    .text                                    0x00000934   Section        0  heapauxi.o(.text)
    .text                                    0x0000093a   Section       74  sys_stackheap_outer.o(.text)
    .text                                    0x00000984   Section        0  exit.o(.text)
    .text                                    0x00000998   Section        8  libspace.o(.text)
    .text                                    0x000009a0   Section        0  sys_exit.o(.text)
    .text                                    0x000009ac   Section        2  use_no_semi.o(.text)
    .text                                    0x000009ae   Section        0  indicate_semi.o(.text)
    i.ADC_In                                 0x000009b0   Section        0  adc.o(i.ADC_In)
    i.ADC_Init                               0x000009e4   Section        0  adc.o(i.ADC_Init)
    i.Button_Init                            0x00000abc   Section        0  button.o(i.Button_Init)
    i.Collision                              0x00000bbc   Section        0  systick.o(i.Collision)
    i.DAC_Init                               0x00000d04   Section        0  dac.o(i.DAC_Init)
    i.DAC_Out                                0x00000d3c   Section        0  dac.o(i.DAC_Out)
    i.Delay1ms                               0x00000d48   Section        0  st7735.o(i.Delay1ms)
    i.GPIOPortF_Handler                      0x00000d68   Section        0  button.o(i.GPIOPortF_Handler)
    i.Game_Init                              0x00000dbc   Section        0  fruithackers.o(i.Game_Init)
    i.IO_Init                                0x00000e94   Section        0  button.o(i.IO_Init)
    i.PortF_Init                             0x00000ef8   Section        0  systick.o(i.PortF_Init)
    i.ST7735_DrawBitmap                      0x00000f30   Section        0  st7735.o(i.ST7735_DrawBitmap)
    i.ST7735_DrawCharS                       0x00001050   Section        0  st7735.o(i.ST7735_DrawCharS)
    i.ST7735_DrawPixel                       0x00001148   Section        0  st7735.o(i.ST7735_DrawPixel)
    i.ST7735_DrawString                      0x00001190   Section        0  st7735.o(i.ST7735_DrawString)
    i.ST7735_FillRect                        0x000011e8   Section        0  st7735.o(i.ST7735_FillRect)
    i.ST7735_FillScreen                      0x00001294   Section        0  st7735.o(i.ST7735_FillScreen)
    i.ST7735_InitR                           0x000012b8   Section        0  st7735.o(i.ST7735_InitR)
    i.ST7735_OutChar                         0x00001334   Section        0  st7735.o(i.ST7735_OutChar)
    i.ST7735_OutString                       0x0000140c   Section        0  st7735.o(i.ST7735_OutString)
    i.ST7735_SetCursor                       0x00001424   Section        0  st7735.o(i.ST7735_SetCursor)
    i.Sound_Init                             0x00001444   Section        0  sound.o(i.Sound_Init)
    i.Sound_Play                             0x00001450   Section        0  sound.o(i.Sound_Play)
    i.SysTick_Handler                        0x0000146c   Section        0  systick.o(i.SysTick_Handler)
    i.SysTick_Init                           0x000014c8   Section        0  systick.o(i.SysTick_Init)
    i.Timer0A_Handler                        0x00001518   Section        0  timer0.o(i.Timer0A_Handler)
    i.Timer0A_Stop                           0x00001530   Section        0  timer0.o(i.Timer0A_Stop)
    i.Timer0_Init                            0x0000153c   Section        0  timer0.o(i.Timer0_Init)
    i.choose_language                        0x000015a0   Section        0  fruithackers.o(i.choose_language)
    i.commandList                            0x0000197c   Section        0  st7735.o(i.commandList)
    commandList                              0x0000197d   Thumb Code    86  st7735.o(i.commandList)
    i.commonInit                             0x000019d4   Section        0  st7735.o(i.commonInit)
    commonInit                               0x000019d5   Thumb Code   342  st7735.o(i.commonInit)
    i.fruit_dead                             0x00001b5c   Section        0  systick.o(i.fruit_dead)
    i.fruit_fall                             0x00001bb0   Section        0  systick.o(i.fruit_fall)
    i.jump_systick                           0x00001c48   Section        0  systick.o(i.jump_systick)
    i.main                                   0x00001cd4   Section        0  fruithackers.o(i.main)
    i.move_fruit                             0x000020a4   Section        0  systick.o(i.move_fruit)
    i.move_ninja                             0x000020f4   Section        0  systick.o(i.move_ninja)
    i.playsample                             0x00002110   Section        0  sound.o(i.playsample)
    i.pushColor                              0x0000215c   Section        0  st7735.o(i.pushColor)
    pushColor                                0x0000215d   Thumb Code    18  st7735.o(i.pushColor)
    i.setAddrWindow                          0x00002170   Section        0  st7735.o(i.setAddrWindow)
    setAddrWindow                            0x00002171   Thumb Code   106  st7735.o(i.setAddrWindow)
    .constdata                               0x000021e4   Section    63540  sound.o(.constdata)
    .constdata                               0x00011a18   Section     2018  st7735.o(.constdata)
    Font                                     0x00011a18   Data        1275  st7735.o(.constdata)
    Bcmd                                     0x00011f13   Data         103  st7735.o(.constdata)
    Rcmd1                                    0x00011f7a   Data          59  st7735.o(.constdata)
    Rcmd2green                               0x00011fb5   Data          13  st7735.o(.constdata)
    Rcmd2red                                 0x00011fc2   Data          13  st7735.o(.constdata)
    Rcmd3                                    0x00011fcf   Data          43  st7735.o(.constdata)
    .constdata                               0x000121fc   Section       12  systick.o(.constdata)
    .constdata                               0x00012208   Section      240  texas.o(.constdata)
    .constdata                               0x000122f8   Section    66760  fruithackers.o(.constdata)
    .data                                    0x20000000   Section        4  timer0.o(.data)
    .data                                    0x20000004   Section       56  sound.o(.data)
    .data                                    0x2000003c   Section       44  st7735.o(.data)
    ColStart                                 0x20000046   Data           1  st7735.o(.data)
    RowStart                                 0x20000047   Data           1  st7735.o(.data)
    Rotation                                 0x20000048   Data           1  st7735.o(.data)
    TabColor                                 0x20000049   Data           1  st7735.o(.data)
    _width                                   0x2000004a   Data           2  st7735.o(.data)
    _height                                  0x2000004c   Data           2  st7735.o(.data)
    .data                                    0x20000068   Section        6  systick.o(.data)
    .data                                    0x20000070   Section        7  button.o(.data)
    .data                                    0x20000078   Section       48  texas.o(.data)
    .data                                    0x200000a8   Section       54  fruithackers.o(.data)
    DATA                                     0x200000e0   Section        4  random.o(DATA)
    M                                        0x200000e0   Data           4  random.o(DATA)
    .bss                                     0x200000e8   Section       56  texas.o(.bss)
    .bss                                     0x20000120   Section      320  fruithackers.o(.bss)
    .bss                                     0x20000260   Section       96  libspace.o(.bss)
    HEAP                                     0x200002c0   Section        0  startup.o(HEAP)
    STACK                                    0x200002c0   Section     1024  startup.o(STACK)
    HeapMem                                  0x200002c0   Data           0  startup.o(HEAP)
    StackMem                                 0x200002c0   Data           0  startup.o(STACK)

    Global Symbols

    Symbol Name                              Value     Ov Type        Size  Object(Section)

    BuildAttributes$$THM_ISAv4$E$P$D$K$B$S$7EM$PE$A:L22UL41UL21$X:L11$S22US41US21$IEEE1$IW$USESV6$~STKCKD$USESV7$~SHL$OSPACE$ROPI$EBA8$UX$STANDARDLIB$REQ8$PRES8$EABIv2 0x00000000   Number         0  anon$$obj.o ABSOLUTE
    __ARM_use_no_argv                        0x00000000   Number         0  fruithackers.o ABSOLUTE
    __Vectors                                0x00000000   Data           0  startup.o(RESET)
    __ARM_exceptions_init                     - Undefined Weak Reference
    __alloca_initialize                       - Undefined Weak Reference
    __arm_preinit_                            - Undefined Weak Reference
    __cpp_initialize__aeabi_                  - Undefined Weak Reference
    __cxa_finalize                            - Undefined Weak Reference
    __rt_locale                               - Undefined Weak Reference
    __sigvec_lookup                           - Undefined Weak Reference
    _atexit_init                              - Undefined Weak Reference
    _call_atexit_fns                          - Undefined Weak Reference
    _clock_init                               - Undefined Weak Reference
    _fp_trap_init                             - Undefined Weak Reference
    _fp_trap_shutdown                         - Undefined Weak Reference
    _get_lc_collate                           - Undefined Weak Reference
    _get_lc_ctype                             - Undefined Weak Reference
    _get_lc_monetary                          - Undefined Weak Reference
    _get_lc_numeric                           - Undefined Weak Reference
    _get_lc_time                              - Undefined Weak Reference
    _getenv_init                              - Undefined Weak Reference
    _handle_redirection                       - Undefined Weak Reference
    _init_alloc                               - Undefined Weak Reference
    _init_user_alloc                          - Undefined Weak Reference
    _initio                                   - Undefined Weak Reference
    _rand_init                                - Undefined Weak Reference
    _signal_finish                            - Undefined Weak Reference
    _signal_init                              - Undefined Weak Reference
    _terminate_alloc                          - Undefined Weak Reference
    _terminate_user_alloc                     - Undefined Weak Reference
    _terminateio                              - Undefined Weak Reference
    Reset_Handler                            0x0000026d   Thumb Code     0  startup.o(RESET)
    NMI_Handler                              0x00000271   Thumb Code     2  startup.o(RESET)
    HardFault_Handler                        0x00000273   Thumb Code     2  startup.o(RESET)
    MemManage_Handler                        0x00000275   Thumb Code     2  startup.o(RESET)
    BusFault_Handler                         0x00000277   Thumb Code     2  startup.o(RESET)
    UsageFault_Handler                       0x00000279   Thumb Code     2  startup.o(RESET)
    SVC_Handler                              0x0000027b   Thumb Code     2  startup.o(RESET)
    DebugMon_Handler                         0x0000027d   Thumb Code     2  startup.o(RESET)
    PendSV_Handler                           0x0000027f   Thumb Code     2  startup.o(RESET)
    ADC0Seq0_Handler                         0x00000283   Thumb Code     0  startup.o(RESET)
    ADC0Seq1_Handler                         0x00000283   Thumb Code     0  startup.o(RESET)
    ADC0Seq2_Handler                         0x00000283   Thumb Code     0  startup.o(RESET)
    ADC0Seq3_Handler                         0x00000283   Thumb Code     0  startup.o(RESET)
    ADC1Seq0_Handler                         0x00000283   Thumb Code     0  startup.o(RESET)
    ADC1Seq1_Handler                         0x00000283   Thumb Code     0  startup.o(RESET)
    ADC1Seq2_Handler                         0x00000283   Thumb Code     0  startup.o(RESET)
    ADC1Seq3_Handler                         0x00000283   Thumb Code     0  startup.o(RESET)
    CAN0_Handler                             0x00000283   Thumb Code     0  startup.o(RESET)
    CAN1_Handler                             0x00000283   Thumb Code     0  startup.o(RESET)
    CAN2_Handler                             0x00000283   Thumb Code     0  startup.o(RESET)
    Comp0_Handler                            0x00000283   Thumb Code     0  startup.o(RESET)
    Comp1_Handler                            0x00000283   Thumb Code     0  startup.o(RESET)
    Comp2_Handler                            0x00000283   Thumb Code     0  startup.o(RESET)
    Ethernet_Handler                         0x00000283   Thumb Code     0  startup.o(RESET)
    ExtBus_Handler                           0x00000283   Thumb Code     0  startup.o(RESET)
    FPU_Handler                              0x00000283   Thumb Code     0  startup.o(RESET)
    Fan0_Handler                             0x00000283   Thumb Code     0  startup.o(RESET)
    FlashCtl_Handler                         0x00000283   Thumb Code     0  startup.o(RESET)
    GPIOPortA_Handler                        0x00000283   Thumb Code     0  startup.o(RESET)
    GPIOPortB_Handler                        0x00000283   Thumb Code     0  startup.o(RESET)
    GPIOPortC_Handler                        0x00000283   Thumb Code     0  startup.o(RESET)
    GPIOPortD_Handler                        0x00000283   Thumb Code     0  startup.o(RESET)
    GPIOPortE_Handler                        0x00000283   Thumb Code     0  startup.o(RESET)
    GPIOPortG_Handler                        0x00000283   Thumb Code     0  startup.o(RESET)
    GPIOPortH_Handler                        0x00000283   Thumb Code     0  startup.o(RESET)
    GPIOPortJ_Handler                        0x00000283   Thumb Code     0  startup.o(RESET)
    GPIOPortK_Handler                        0x00000283   Thumb Code     0  startup.o(RESET)
    GPIOPortL_Handler                        0x00000283   Thumb Code     0  startup.o(RESET)
    GPIOPortM_Handler                        0x00000283   Thumb Code     0  startup.o(RESET)
    GPIOPortN_Handler                        0x00000283   Thumb Code     0  startup.o(RESET)
    GPIOPortP1_Handler                       0x00000283   Thumb Code     0  startup.o(RESET)
    GPIOPortP2_Handler                       0x00000283   Thumb Code     0  startup.o(RESET)
    GPIOPortP3_Handler                       0x00000283   Thumb Code     0  startup.o(RESET)
    GPIOPortP4_Handler                       0x00000283   Thumb Code     0  startup.o(RESET)
    GPIOPortP5_Handler                       0x00000283   Thumb Code     0  startup.o(RESET)
    GPIOPortP6_Handler                       0x00000283   Thumb Code     0  startup.o(RESET)
    GPIOPortP7_Handler                       0x00000283   Thumb Code     0  startup.o(RESET)
    GPIOPortP_Handler                        0x00000283   Thumb Code     0  startup.o(RESET)
    GPIOPortQ1_Handler                       0x00000283   Thumb Code     0  startup.o(RESET)
    GPIOPortQ2_Handler                       0x00000283   Thumb Code     0  startup.o(RESET)
    GPIOPortQ3_Handler                       0x00000283   Thumb Code     0  startup.o(RESET)
    GPIOPortQ4_Handler                       0x00000283   Thumb Code     0  startup.o(RESET)
    GPIOPortQ5_Handler                       0x00000283   Thumb Code     0  startup.o(RESET)
    GPIOPortQ6_Handler                       0x00000283   Thumb Code     0  startup.o(RESET)
    GPIOPortQ7_Handler                       0x00000283   Thumb Code     0  startup.o(RESET)
    GPIOPortQ_Handler                        0x00000283   Thumb Code     0  startup.o(RESET)
    GPIOPortR_Handler                        0x00000283   Thumb Code     0  startup.o(RESET)
    GPIOPortS_Handler                        0x00000283   Thumb Code     0  startup.o(RESET)
    Hibernate_Handler                        0x00000283   Thumb Code     0  startup.o(RESET)
    I2C0_Handler                             0x00000283   Thumb Code     0  startup.o(RESET)
    I2C1_Handler                             0x00000283   Thumb Code     0  startup.o(RESET)
    I2C2_Handler                             0x00000283   Thumb Code     0  startup.o(RESET)
    I2C3_Handler                             0x00000283   Thumb Code     0  startup.o(RESET)
    I2C4_Handler                             0x00000283   Thumb Code     0  startup.o(RESET)
    I2C5_Handler                             0x00000283   Thumb Code     0  startup.o(RESET)
    I2S0_Handler                             0x00000283   Thumb Code     0  startup.o(RESET)
    LPC0_Handler                             0x00000283   Thumb Code     0  startup.o(RESET)
    PECI0_Handler                            0x00000283   Thumb Code     0  startup.o(RESET)
    PWM0Fault_Handler                        0x00000283   Thumb Code     0  startup.o(RESET)
    PWM0Generator0_Handler                   0x00000283   Thumb Code     0  startup.o(RESET)
    PWM0Generator1_Handler                   0x00000283   Thumb Code     0  startup.o(RESET)
    PWM0Generator2_Handler                   0x00000283   Thumb Code     0  startup.o(RESET)
    PWM0Generator3_Handler                   0x00000283   Thumb Code     0  startup.o(RESET)
    PWM1Fault_Handler                        0x00000283   Thumb Code     0  startup.o(RESET)
    PWM1Generator0_Handler                   0x00000283   Thumb Code     0  startup.o(RESET)
    PWM1Generator1_Handler                   0x00000283   Thumb Code     0  startup.o(RESET)
    PWM1Generator2_Handler                   0x00000283   Thumb Code     0  startup.o(RESET)
    PWM1Generator3_Handler                   0x00000283   Thumb Code     0  startup.o(RESET)
    Quadrature0_Handler                      0x00000283   Thumb Code     0  startup.o(RESET)
    Quadrature1_Handler                      0x00000283   Thumb Code     0  startup.o(RESET)
    Quadrature2_Handler                      0x00000283   Thumb Code     0  startup.o(RESET)
    SSI0_Handler                             0x00000283   Thumb Code     0  startup.o(RESET)
    SSI1_Handler                             0x00000283   Thumb Code     0  startup.o(RESET)
    SSI2_Handler                             0x00000283   Thumb Code     0  startup.o(RESET)
    SSI3_Handler                             0x00000283   Thumb Code     0  startup.o(RESET)
    SysCtl_Handler                           0x00000283   Thumb Code     0  startup.o(RESET)
    Timer0B_Handler                          0x00000283   Thumb Code     0  startup.o(RESET)
    Timer1A_Handler                          0x00000283   Thumb Code     0  startup.o(RESET)
    Timer1B_Handler                          0x00000283   Thumb Code     0  startup.o(RESET)
    Timer2A_Handler                          0x00000283   Thumb Code     0  startup.o(RESET)
    Timer2B_Handler                          0x00000283   Thumb Code     0  startup.o(RESET)
    Timer3A_Handler                          0x00000283   Thumb Code     0  startup.o(RESET)
    Timer3B_Handler                          0x00000283   Thumb Code     0  startup.o(RESET)
    Timer4B_Handler                          0x00000283   Thumb Code     0  startup.o(RESET)
    Timer5B_Handler                          0x00000283   Thumb Code     0  startup.o(RESET)
    UART0_Handler                            0x00000283   Thumb Code     0  startup.o(RESET)
    UART1_Handler                            0x00000283   Thumb Code     0  startup.o(RESET)
    UART2_Handler                            0x00000283   Thumb Code     0  startup.o(RESET)
    UART3_Handler                            0x00000283   Thumb Code     0  startup.o(RESET)
    UART4_Handler                            0x00000283   Thumb Code     0  startup.o(RESET)
    UART5_Handler                            0x00000283   Thumb Code     0  startup.o(RESET)
    UART6_Handler                            0x00000283   Thumb Code     0  startup.o(RESET)
    UART7_Handler                            0x00000283   Thumb Code     0  startup.o(RESET)
    USB0_Handler                             0x00000283   Thumb Code     0  startup.o(RESET)
    WDT_Handler                              0x00000283   Thumb Code     0  startup.o(RESET)
    WideTimer0A_Handler                      0x00000283   Thumb Code     0  startup.o(RESET)
    WideTimer0B_Handler                      0x00000283   Thumb Code     0  startup.o(RESET)
    WideTimer1A_Handler                      0x00000283   Thumb Code     0  startup.o(RESET)
    WideTimer1B_Handler                      0x00000283   Thumb Code     0  startup.o(RESET)
    WideTimer2A_Handler                      0x00000283   Thumb Code     0  startup.o(RESET)
    WideTimer2B_Handler                      0x00000283   Thumb Code     0  startup.o(RESET)
    WideTimer3A_Handler                      0x00000283   Thumb Code     0  startup.o(RESET)
    WideTimer3B_Handler                      0x00000283   Thumb Code     0  startup.o(RESET)
    WideTimer4A_Handler                      0x00000283   Thumb Code     0  startup.o(RESET)
    WideTimer4B_Handler                      0x00000283   Thumb Code     0  startup.o(RESET)
    WideTimer5A_Handler                      0x00000283   Thumb Code     0  startup.o(RESET)
    WideTimer5B_Handler                      0x00000283   Thumb Code     0  startup.o(RESET)
    uDMA_Error                               0x00000283   Thumb Code     0  startup.o(RESET)
    uDMA_Handler                             0x00000283   Thumb Code     0  startup.o(RESET)
    __main                                   0x00000285   Thumb Code     8  __main.o(!!!main)
    __scatterload                            0x0000028d   Thumb Code     0  __scatter.o(!!!scatter)
    __scatterload_rt2                        0x0000028d   Thumb Code    44  __scatter.o(!!!scatter)
    __scatterload_rt2_thumb_only             0x0000028d   Thumb Code     0  __scatter.o(!!!scatter)
    __scatterload_null                       0x0000029b   Thumb Code     0  __scatter.o(!!!scatter)
    __scatterload_copy                       0x000002c1   Thumb Code    26  __scatter_copy.o(!!handler_copy)
    __scatterload_zeroinit                   0x000002dd   Thumb Code    28  __scatter_zi.o(!!handler_zi)
    __rt_lib_init                            0x000002f9   Thumb Code     0  libinit.o(.ARM.Collect$$libinit$$00000000)
    __rt_lib_init_alloca_1                   0x000002fb   Thumb Code     0  libinit2.o(.ARM.Collect$$libinit$$0000002E)
    __rt_lib_init_argv_1                     0x000002fb   Thumb Code     0  libinit2.o(.ARM.Collect$$libinit$$0000002C)
    __rt_lib_init_atexit_1                   0x000002fb   Thumb Code     0  libinit2.o(.ARM.Collect$$libinit$$0000001B)
    __rt_lib_init_clock_1                    0x000002fb   Thumb Code     0  libinit2.o(.ARM.Collect$$libinit$$00000021)
    __rt_lib_init_cpp_1                      0x000002fb   Thumb Code     0  libinit2.o(.ARM.Collect$$libinit$$00000032)
    __rt_lib_init_exceptions_1               0x000002fb   Thumb Code     0  libinit2.o(.ARM.Collect$$libinit$$00000030)
    __rt_lib_init_fp_1                       0x000002fb   Thumb Code     0  libinit2.o(.ARM.Collect$$libinit$$00000002)
    __rt_lib_init_fp_trap_1                  0x000002fb   Thumb Code     0  libinit2.o(.ARM.Collect$$libinit$$0000001F)
    __rt_lib_init_getenv_1                   0x000002fb   Thumb Code     0  libinit2.o(.ARM.Collect$$libinit$$00000023)
    __rt_lib_init_heap_1                     0x000002fb   Thumb Code     0  libinit2.o(.ARM.Collect$$libinit$$0000000A)
    __rt_lib_init_lc_collate_1               0x000002fb   Thumb Code     0  libinit2.o(.ARM.Collect$$libinit$$00000011)
    __rt_lib_init_lc_ctype_1                 0x000002fb   Thumb Code     0  libinit2.o(.ARM.Collect$$libinit$$00000013)
    __rt_lib_init_lc_monetary_1              0x000002fb   Thumb Code     0  libinit2.o(.ARM.Collect$$libinit$$00000015)
    __rt_lib_init_lc_numeric_1               0x000002fb   Thumb Code     0  libinit2.o(.ARM.Collect$$libinit$$00000017)
    __rt_lib_init_lc_time_1                  0x000002fb   Thumb Code     0  libinit2.o(.ARM.Collect$$libinit$$00000019)
    __rt_lib_init_preinit_1                  0x000002fb   Thumb Code     0  libinit2.o(.ARM.Collect$$libinit$$00000004)
    __rt_lib_init_rand_1                     0x000002fb   Thumb Code     0  libinit2.o(.ARM.Collect$$libinit$$0000000E)
    __rt_lib_init_return                     0x000002fb   Thumb Code     0  libinit2.o(.ARM.Collect$$libinit$$00000033)
    __rt_lib_init_signal_1                   0x000002fb   Thumb Code     0  libinit2.o(.ARM.Collect$$libinit$$0000001D)
    __rt_lib_init_stdio_1                    0x000002fb   Thumb Code     0  libinit2.o(.ARM.Collect$$libinit$$00000025)
    __rt_lib_init_user_alloc_1               0x000002fb   Thumb Code     0  libinit2.o(.ARM.Collect$$libinit$$0000000C)
    __rt_lib_shutdown                        0x000002fd   Thumb Code     0  libshutdown.o(.ARM.Collect$$libshutdown$$00000000)
    __rt_lib_shutdown_cpp_1                  0x000002ff   Thumb Code     0  libshutdown2.o(.ARM.Collect$$libshutdown$$00000002)
    __rt_lib_shutdown_fp_trap_1              0x000002ff   Thumb Code     0  libshutdown2.o(.ARM.Collect$$libshutdown$$00000007)
    __rt_lib_shutdown_heap_1                 0x000002ff   Thumb Code     0  libshutdown2.o(.ARM.Collect$$libshutdown$$0000000F)
    __rt_lib_shutdown_return                 0x000002ff   Thumb Code     0  libshutdown2.o(.ARM.Collect$$libshutdown$$00000010)
    __rt_lib_shutdown_signal_1               0x000002ff   Thumb Code     0  libshutdown2.o(.ARM.Collect$$libshutdown$$0000000A)
    __rt_lib_shutdown_stdio_1                0x000002ff   Thumb Code     0  libshutdown2.o(.ARM.Collect$$libshutdown$$00000004)
    __rt_lib_shutdown_user_alloc_1           0x000002ff   Thumb Code     0  libshutdown2.o(.ARM.Collect$$libshutdown$$0000000C)
    __rt_entry                               0x00000301   Thumb Code     0  __rtentry.o(.ARM.Collect$$rtentry$$00000000)
    __rt_entry_presh_1                       0x00000301   Thumb Code     0  __rtentry2.o(.ARM.Collect$$rtentry$$00000002)
    __rt_entry_sh                            0x00000301   Thumb Code     0  __rtentry4.o(.ARM.Collect$$rtentry$$00000004)
    __rt_entry_li                            0x00000307   Thumb Code     0  __rtentry2.o(.ARM.Collect$$rtentry$$0000000A)
    __rt_entry_postsh_1                      0x00000307   Thumb Code     0  __rtentry2.o(.ARM.Collect$$rtentry$$00000009)
    __rt_entry_main                          0x0000030b   Thumb Code     0  __rtentry2.o(.ARM.Collect$$rtentry$$0000000D)
    __rt_entry_postli_1                      0x0000030b   Thumb Code     0  __rtentry2.o(.ARM.Collect$$rtentry$$0000000C)
    __rt_exit                                0x00000313   Thumb Code     0  rtexit.o(.ARM.Collect$$rtexit$$00000000)
    __rt_exit_ls                             0x00000315   Thumb Code     0  rtexit2.o(.ARM.Collect$$rtexit$$00000003)
    __rt_exit_prels_1                        0x00000315   Thumb Code     0  rtexit2.o(.ARM.Collect$$rtexit$$00000002)
    __rt_exit_exit                           0x00000319   Thumb Code     0  rtexit2.o(.ARM.Collect$$rtexit$$00000004)
    DisableInterrupts                        0x00000321   Thumb Code     0  startup.o(.text)
    EnableInterrupts                         0x00000325   Thumb Code     0  startup.o(.text)
    StartCritical                            0x00000329   Thumb Code     0  startup.o(.text)
    EndCritical                              0x00000331   Thumb Code     0  startup.o(.text)
    WaitForInterrupt                         0x00000337   Thumb Code     0  startup.o(.text)
    __user_initial_stackheap                 0x0000033b   Thumb Code     0  startup.o(.text)
    Random_Init                              0x00000351   Thumb Code     0  random.o(.text)
    Random32                                 0x00000357   Thumb Code     2  random.o(.text)
    Random                                   0x00000369   Thumb Code     2  random.o(.text)
    writecommand                             0x0000038d   Thumb Code     0  lcd.o(.text)
    writedata                                0x000003b7   Thumb Code     0  lcd.o(.text)
    LCD_OutDec                               0x000003dd   Thumb Code     0  print.o(.text)
    LCD_OutFix                               0x00000409   Thumb Code     0  print.o(.text)
    ADC1_Init                                0x00000495   Thumb Code   170  texas.o(.text)
    SetCode                                  0x0000053f   Thumb Code    20  texas.o(.text)
    UART0_Init                               0x00000553   Thumb Code   162  texas.o(.text)
    SetCourse                                0x000005f5   Thumb Code    22  texas.o(.text)
    PLL_Init                                 0x0000060b   Thumb Code   118  texas.o(.text)
    TExaS_Init                               0x00000681   Thumb Code   282  texas.o(.text)
    StopTimer4                               0x0000079b   Thumb Code    16  texas.o(.text)
    StartTimer4                              0x000007ab   Thumb Code    24  texas.o(.text)
    Timer4A_Handler                          0x000007c3   Thumb Code    20  texas.o(.text)
    ADC1_In                                  0x000007d7   Thumb Code     6  texas.o(.text)
    Timer5A_Handler                          0x000007dd   Thumb Code    34  texas.o(.text)
    TExaS_Stop                               0x000007ff   Thumb Code    18  texas.o(.text)
    copy                                     0x00000811   Thumb Code    16  texas.o(.text)
    SetMode                                  0x00000821   Thumb Code    22  texas.o(.text)
    UART0_InChar                             0x00000837   Thumb Code    20  texas.o(.text)
    UART0_InCharNonBlocking                  0x0000084b   Thumb Code    22  texas.o(.text)
    UART0_OutChar                            0x00000861   Thumb Code   200  texas.o(.text)
    UART0_OutCharNonBlock                    0x00000929   Thumb Code     6  texas.o(.text)
    __use_two_region_memory                  0x00000935   Thumb Code     2  heapauxi.o(.text)
    __rt_heap_escrow$2region                 0x00000937   Thumb Code     2  heapauxi.o(.text)
    __rt_heap_expand$2region                 0x00000939   Thumb Code     2  heapauxi.o(.text)
    __user_setup_stackheap                   0x0000093b   Thumb Code    74  sys_stackheap_outer.o(.text)
    exit                                     0x00000985   Thumb Code    18  exit.o(.text)
    __user_libspace                          0x00000999   Thumb Code     8  libspace.o(.text)
    __user_perproc_libspace                  0x00000999   Thumb Code     0  libspace.o(.text)
    __user_perthread_libspace                0x00000999   Thumb Code     0  libspace.o(.text)
    _sys_exit                                0x000009a1   Thumb Code     8  sys_exit.o(.text)
    __I$use$semihosting                      0x000009ad   Thumb Code     0  use_no_semi.o(.text)
    __use_no_semihosting_swi                 0x000009ad   Thumb Code     2  use_no_semi.o(.text)
    __semihosting_library_function           0x000009af   Thumb Code     0  indicate_semi.o(.text)
    ADC_In                                   0x000009b1   Thumb Code    48  adc.o(i.ADC_In)
    ADC_Init                                 0x000009e5   Thumb Code   194  adc.o(i.ADC_Init)
    Button_Init                              0x00000abd   Thumb Code   224  button.o(i.Button_Init)
    Collision                                0x00000bbd   Thumb Code   292  systick.o(i.Collision)
    DAC_Init                                 0x00000d05   Thumb Code    44  dac.o(i.DAC_Init)
    DAC_Out                                  0x00000d3d   Thumb Code     6  dac.o(i.DAC_Out)
    Delay1ms                                 0x00000d49   Thumb Code    32  st7735.o(i.Delay1ms)
    GPIOPortF_Handler                        0x00000d69   Thumb Code    68  button.o(i.GPIOPortF_Handler)
    Game_Init                                0x00000dbd   Thumb Code   182  fruithackers.o(i.Game_Init)
    IO_Init                                  0x00000e95   Thumb Code    82  button.o(i.IO_Init)
    PortF_Init                               0x00000ef9   Thumb Code    44  systick.o(i.PortF_Init)
    ST7735_DrawBitmap                        0x00000f31   Thumb Code   280  st7735.o(i.ST7735_DrawBitmap)
    ST7735_DrawCharS                         0x00001051   Thumb Code   236  st7735.o(i.ST7735_DrawCharS)
    ST7735_DrawPixel                         0x00001149   Thumb Code    64  st7735.o(i.ST7735_DrawPixel)
    ST7735_DrawString                        0x00001191   Thumb Code    86  st7735.o(i.ST7735_DrawString)
    ST7735_FillRect                          0x000011e9   Thumb Code   164  st7735.o(i.ST7735_FillRect)
    ST7735_FillScreen                        0x00001295   Thumb Code    28  st7735.o(i.ST7735_FillScreen)
    ST7735_InitR                             0x000012b9   Thumb Code    90  st7735.o(i.ST7735_InitR)
    ST7735_OutChar                           0x00001335   Thumb Code   176  st7735.o(i.ST7735_OutChar)
    ST7735_OutString                         0x0000140d   Thumb Code    24  st7735.o(i.ST7735_OutString)
    ST7735_SetCursor                         0x00001425   Thumb Code    22  st7735.o(i.ST7735_SetCursor)
    Sound_Init                               0x00001445   Thumb Code    12  sound.o(i.Sound_Init)
    Sound_Play                               0x00001451   Thumb Code    20  sound.o(i.Sound_Play)
    SysTick_Handler                          0x0000146d   Thumb Code    76  systick.o(i.SysTick_Handler)
    SysTick_Init                             0x000014c9   Thumb Code    60  systick.o(i.SysTick_Init)
    Timer0A_Handler                          0x00001519   Thumb Code    16  timer0.o(i.Timer0A_Handler)
    Timer0A_Stop                             0x00001531   Thumb Code     8  timer0.o(i.Timer0A_Stop)
    Timer0_Init                              0x0000153d   Thumb Code    80  timer0.o(i.Timer0_Init)
    choose_language                          0x000015a1   Thumb Code   346  fruithackers.o(i.choose_language)
    fruit_dead                               0x00001b5d   Thumb Code    80  systick.o(i.fruit_dead)
    fruit_fall                               0x00001bb1   Thumb Code   140  systick.o(i.fruit_fall)
    jump_systick                             0x00001c49   Thumb Code   122  systick.o(i.jump_systick)
    main                                     0x00001cd5   Thumb Code   774  fruithackers.o(i.main)
    move_fruit                               0x000020a5   Thumb Code    76  systick.o(i.move_fruit)
    move_ninja                               0x000020f5   Thumb Code    22  systick.o(i.move_ninja)
    playsample                               0x00002111   Thumb Code    62  sound.o(i.playsample)
    SliceWav                                 0x000021e4   Data        5940  sound.o(.constdata)
    JumpWav                                  0x00003918   Data        2465  sound.o(.constdata)
    SplashWav                                0x000042b9   Data       11025  sound.o(.constdata)
    OuchWav                                  0x00006dca   Data       13184  sound.o(.constdata)
    GameoverWav                              0x0000a14a   Data       17280  sound.o(.constdata)
    CoughWav                                 0x0000e4ca   Data       13646  sound.o(.constdata)
    dBfs                                     0x00011ffa   Data         512  st7735.o(.constdata)
    x_pos                                    0x000121fc   Data          12  systick.o(.constdata)
    InputPortMsg                             0x00012208   Data          40  texas.o(.constdata)
    OutputPortMsg                            0x00012230   Data          40  texas.o(.constdata)
    BlankMsg                                 0x00012258   Data          40  texas.o(.constdata)
    InitializedMsg                           0x00012280   Data          40  texas.o(.constdata)
    IntroMsg                                 0x000122a8   Data          40  texas.o(.constdata)
    DoneMsg                                  0x000122d0   Data          40  texas.o(.constdata)
    Apple                                    0x000122f8   Data        1800  fruithackers.o(.constdata)
    Black                                    0x00012a00   Data        1800  fruithackers.o(.constdata)
    Coronavirus                              0x00013108   Data        1800  fruithackers.o(.constdata)
    FruitHackers                             0x00013810   Data       40960  fruithackers.o(.constdata)
    FruitSplat                               0x0001d810   Data        1800  fruithackers.o(.constdata)
    Mango                                    0x0001df18   Data        1800  fruithackers.o(.constdata)
    Ninja1                                   0x0001e620   Data        3200  fruithackers.o(.constdata)
    Ninja2                                   0x0001f2a0   Data        3200  fruithackers.o(.constdata)
    Ninja3                                   0x0001ff20   Data        3200  fruithackers.o(.constdata)
    Orange                                   0x00020ba0   Data        1800  fruithackers.o(.constdata)
    Valvano                                  0x000212a8   Data        1800  fruithackers.o(.constdata)
    Watermelon                               0x000219b0   Data        1800  fruithackers.o(.constdata)
    Yerraballi                               0x000220b8   Data        1800  fruithackers.o(.constdata)
    Region$$Table$$Base                      0x000227c0   Number         0  anon$$obj.o(Region$$Table)
    Region$$Table$$Limit                     0x000227e0   Number         0  anon$$obj.o(Region$$Table)
    PeriodicTask0                            0x20000000   Data           4  timer0.o(.data)
    sound2play                               0x20000004   Data           1  sound.o(.data)
    sounds                                   0x20000008   Data          48  sound.o(.data)
    pIndex                                   0x20000038   Data           4  sound.o(.data)
    StX                                      0x2000003c   Data           4  st7735.o(.data)
    StY                                      0x20000040   Data           4  st7735.o(.data)
    StTextColor                              0x20000044   Data           2  st7735.o(.data)
    Messageindex                             0x20000050   Data           4  st7735.o(.data)
    Ymax                                     0x20000054   Data           4  st7735.o(.data)
    Ymin                                     0x20000058   Data           4  st7735.o(.data)
    X                                        0x2000005c   Data           4  st7735.o(.data)
    Yrange                                   0x20000060   Data           4  st7735.o(.data)
    lastj                                    0x20000064   Data           4  st7735.o(.data)
    systick_count                            0x20000068   Data           1  systick.o(.data)
    collide_flag                             0x20000069   Data           1  systick.o(.data)
    collide_index                            0x2000006a   Data           1  systick.o(.data)
    jump_stop                                0x2000006b   Data           1  systick.o(.data)
    miss_count                               0x2000006c   Data           1  systick.o(.data)
    missed_fruit                             0x2000006d   Data           1  systick.o(.data)
    FallingEdges                             0x20000070   Data           4  button.o(.data)
    Jump_flag                                0x20000074   Data           1  button.o(.data)
    Jump_up                                  0x20000075   Data           1  button.o(.data)
    slice_pressed                            0x20000076   Data           1  button.o(.data)
    TExaS_Period                             0x20000078   Data           4  texas.o(.data)
    TExaS_Ports                              0x2000007c   Data           8  texas.o(.data)
    TExaS_Meter                              0x20000084   Data           4  texas.o(.data)
    ADCnum                                   0x20000088   Data           4  texas.o(.data)
    LastMode                                 0x2000008c   Data           4  texas.o(.data)
    bFlag                                    0x20000090   Data           4  texas.o(.data)
    Count                                    0x20000094   Data           4  texas.o(.data)
    DelayBetweenTests                        0x20000098   Data           4  texas.o(.data)
    TExaS_Test                               0x2000009c   Data           4  texas.o(.data)
    ScopeMode                                0x200000a0   Data           4  texas.o(.data)
    ScopeCount                               0x200000a4   Data           4  texas.o(.data)
    semaphore                                0x200000a8   Data           4  fruithackers.o(.data)
    game_over                                0x200000ac   Data           4  fruithackers.o(.data)
    game_points                              0x200000b0   Data           4  fruithackers.o(.data)
    img                                      0x200000b4   Data          28  fruithackers.o(.data)
    f_ptr                                    0x200000d0   Data           4  fruithackers.o(.data)
    Nin_ptr                                  0x200000d4   Data           4  fruithackers.o(.data)
    last_ADC                                 0x200000d8   Data           4  fruithackers.o(.data)
    English                                  0x200000dc   Data           1  fruithackers.o(.data)
    Dutch                                    0x200000dd   Data           1  fruithackers.o(.data)
    TExaS                                    0x200000e8   Data          56  texas.o(.bss)
    Fruits                                   0x20000120   Data         280  fruithackers.o(.bss)
    Ninja                                    0x20000238   Data          40  fruithackers.o(.bss)
    __libspace_start                         0x20000260   Data          96  libspace.o(.bss)
    __temporary_stack_top$libspace           0x200002c0   Data           0  libspace.o(.bss)



==============================================================================

Memory Map of the image

  Image Entry point : 0x0000026d

  Load Region LR_1 (Base: 0x00000000, Size: 0x000228c4, Max: 0xffffffff, ABSOLUTE)

    Execution Region ER_RO (Exec base: 0x00000000, Load base: 0x00000000, Size: 0x000227e0, Max: 0xffffffff, ABSOLUTE)

    Exec Addr    Load Addr    Size         Type   Attr      Idx    E Section Name        Object

    0x00000000   0x00000000   0x00000284   Code   RO            3  * RESET               startup.o
    0x00000284   0x00000284   0x00000008   Code   RO          565  * !!!main             c_w.l(__main.o)
    0x0000028c   0x0000028c   0x00000034   Code   RO          722    !!!scatter          c_w.l(__scatter.o)
    0x000002c0   0x000002c0   0x0000001a   Code   RO          724    !!handler_copy      c_w.l(__scatter_copy.o)
    0x000002da   0x000002da   0x00000002   PAD
    0x000002dc   0x000002dc   0x0000001c   Code   RO          726    !!handler_zi        c_w.l(__scatter_zi.o)
    0x000002f8   0x000002f8   0x00000002   Code   RO          592    .ARM.Collect$$libinit$$00000000  c_w.l(libinit.o)
    0x000002fa   0x000002fa   0x00000000   Code   RO          599    .ARM.Collect$$libinit$$00000002  c_w.l(libinit2.o)
    0x000002fa   0x000002fa   0x00000000   Code   RO          601    .ARM.Collect$$libinit$$00000004  c_w.l(libinit2.o)
    0x000002fa   0x000002fa   0x00000000   Code   RO          604    .ARM.Collect$$libinit$$0000000A  c_w.l(libinit2.o)
    0x000002fa   0x000002fa   0x00000000   Code   RO          606    .ARM.Collect$$libinit$$0000000C  c_w.l(libinit2.o)
    0x000002fa   0x000002fa   0x00000000   Code   RO          608    .ARM.Collect$$libinit$$0000000E  c_w.l(libinit2.o)
    0x000002fa   0x000002fa   0x00000000   Code   RO          611    .ARM.Collect$$libinit$$00000011  c_w.l(libinit2.o)
    0x000002fa   0x000002fa   0x00000000   Code   RO          613    .ARM.Collect$$libinit$$00000013  c_w.l(libinit2.o)
    0x000002fa   0x000002fa   0x00000000   Code   RO          615    .ARM.Collect$$libinit$$00000015  c_w.l(libinit2.o)
    0x000002fa   0x000002fa   0x00000000   Code   RO          617    .ARM.Collect$$libinit$$00000017  c_w.l(libinit2.o)
    0x000002fa   0x000002fa   0x00000000   Code   RO          619    .ARM.Collect$$libinit$$00000019  c_w.l(libinit2.o)
    0x000002fa   0x000002fa   0x00000000   Code   RO          621    .ARM.Collect$$libinit$$0000001B  c_w.l(libinit2.o)
    0x000002fa   0x000002fa   0x00000000   Code   RO          623    .ARM.Collect$$libinit$$0000001D  c_w.l(libinit2.o)
    0x000002fa   0x000002fa   0x00000000   Code   RO          625    .ARM.Collect$$libinit$$0000001F  c_w.l(libinit2.o)
    0x000002fa   0x000002fa   0x00000000   Code   RO          627    .ARM.Collect$$libinit$$00000021  c_w.l(libinit2.o)
    0x000002fa   0x000002fa   0x00000000   Code   RO          629    .ARM.Collect$$libinit$$00000023  c_w.l(libinit2.o)
    0x000002fa   0x000002fa   0x00000000   Code   RO          631    .ARM.Collect$$libinit$$00000025  c_w.l(libinit2.o)
    0x000002fa   0x000002fa   0x00000000   Code   RO          635    .ARM.Collect$$libinit$$0000002C  c_w.l(libinit2.o)
    0x000002fa   0x000002fa   0x00000000   Code   RO          637    .ARM.Collect$$libinit$$0000002E  c_w.l(libinit2.o)
    0x000002fa   0x000002fa   0x00000000   Code   RO          639    .ARM.Collect$$libinit$$00000030  c_w.l(libinit2.o)
    0x000002fa   0x000002fa   0x00000000   Code   RO          641    .ARM.Collect$$libinit$$00000032  c_w.l(libinit2.o)
    0x000002fa   0x000002fa   0x00000002   Code   RO          642    .ARM.Collect$$libinit$$00000033  c_w.l(libinit2.o)
    0x000002fc   0x000002fc   0x00000002   Code   RO          662    .ARM.Collect$$libshutdown$$00000000  c_w.l(libshutdown.o)
    0x000002fe   0x000002fe   0x00000000   Code   RO          675    .ARM.Collect$$libshutdown$$00000002  c_w.l(libshutdown2.o)
    0x000002fe   0x000002fe   0x00000000   Code   RO          677    .ARM.Collect$$libshutdown$$00000004  c_w.l(libshutdown2.o)
    0x000002fe   0x000002fe   0x00000000   Code   RO          680    .ARM.Collect$$libshutdown$$00000007  c_w.l(libshutdown2.o)
    0x000002fe   0x000002fe   0x00000000   Code   RO          683    .ARM.Collect$$libshutdown$$0000000A  c_w.l(libshutdown2.o)
    0x000002fe   0x000002fe   0x00000000   Code   RO          685    .ARM.Collect$$libshutdown$$0000000C  c_w.l(libshutdown2.o)
    0x000002fe   0x000002fe   0x00000000   Code   RO          688    .ARM.Collect$$libshutdown$$0000000F  c_w.l(libshutdown2.o)
    0x000002fe   0x000002fe   0x00000002   Code   RO          689    .ARM.Collect$$libshutdown$$00000010  c_w.l(libshutdown2.o)
    0x00000300   0x00000300   0x00000000   Code   RO          567    .ARM.Collect$$rtentry$$00000000  c_w.l(__rtentry.o)
    0x00000300   0x00000300   0x00000000   Code   RO          569    .ARM.Collect$$rtentry$$00000002  c_w.l(__rtentry2.o)
    0x00000300   0x00000300   0x00000006   Code   RO          581    .ARM.Collect$$rtentry$$00000004  c_w.l(__rtentry4.o)
    0x00000306   0x00000306   0x00000000   Code   RO          571    .ARM.Collect$$rtentry$$00000009  c_w.l(__rtentry2.o)
    0x00000306   0x00000306   0x00000004   Code   RO          572    .ARM.Collect$$rtentry$$0000000A  c_w.l(__rtentry2.o)
    0x0000030a   0x0000030a   0x00000000   Code   RO          574    .ARM.Collect$$rtentry$$0000000C  c_w.l(__rtentry2.o)
    0x0000030a   0x0000030a   0x00000008   Code   RO          575    .ARM.Collect$$rtentry$$0000000D  c_w.l(__rtentry2.o)
    0x00000312   0x00000312   0x00000002   Code   RO          596    .ARM.Collect$$rtexit$$00000000  c_w.l(rtexit.o)
    0x00000314   0x00000314   0x00000000   Code   RO          644    .ARM.Collect$$rtexit$$00000002  c_w.l(rtexit2.o)
    0x00000314   0x00000314   0x00000004   Code   RO          645    .ARM.Collect$$rtexit$$00000003  c_w.l(rtexit2.o)
    0x00000318   0x00000318   0x00000006   Code   RO          646    .ARM.Collect$$rtexit$$00000004  c_w.l(rtexit2.o)
    0x0000031e   0x0000031e   0x00000002   PAD
    0x00000320   0x00000320   0x00000030   Code   RO            4    .text               startup.o
    0x00000350   0x00000350   0x0000003c   Code   RO           13    .text               random.o
    0x0000038c   0x0000038c   0x00000050   Code   RO          126    .text               lcd.o
    0x000003dc   0x000003dc   0x000000b8   Code   RO          129    .text               print.o
    0x00000494   0x00000494   0x000004a0   Code   RO          508    .text               texas.o
    0x00000934   0x00000934   0x00000006   Code   RO          563    .text               c_w.l(heapauxi.o)
    0x0000093a   0x0000093a   0x0000004a   Code   RO          583    .text               c_w.l(sys_stackheap_outer.o)
    0x00000984   0x00000984   0x00000012   Code   RO          585    .text               c_w.l(exit.o)
    0x00000996   0x00000996   0x00000002   PAD
    0x00000998   0x00000998   0x00000008   Code   RO          593    .text               c_w.l(libspace.o)
    0x000009a0   0x000009a0   0x0000000c   Code   RO          654    .text               c_w.l(sys_exit.o)
    0x000009ac   0x000009ac   0x00000002   Code   RO          665    .text               c_w.l(use_no_semi.o)
    0x000009ae   0x000009ae   0x00000000   Code   RO          667    .text               c_w.l(indicate_semi.o)
    0x000009ae   0x000009ae   0x00000002   PAD
    0x000009b0   0x000009b0   0x00000034   Code   RO           41    i.ADC_In            adc.o
    0x000009e4   0x000009e4   0x000000d8   Code   RO           42    i.ADC_Init          adc.o
    0x00000abc   0x00000abc   0x00000100   Code   RO          481    i.Button_Init       button.o
    0x00000bbc   0x00000bbc   0x00000148   Code   RO          398    i.Collision         systick.o
    0x00000d04   0x00000d04   0x00000038   Code   RO           16    i.DAC_Init          dac.o
    0x00000d3c   0x00000d3c   0x0000000c   Code   RO           17    i.DAC_Out           dac.o
    0x00000d48   0x00000d48   0x00000020   Code   RO          132    i.Delay1ms          st7735.o
    0x00000d68   0x00000d68   0x00000054   Code   RO          482    i.GPIOPortF_Handler  button.o
    0x00000dbc   0x00000dbc   0x000000d8   Code   RO          525    i.Game_Init         fruithackers.o
    0x00000e94   0x00000e94   0x00000064   Code   RO          483    i.IO_Init           button.o
    0x00000ef8   0x00000ef8   0x00000038   Code   RO          399    i.PortF_Init        systick.o
    0x00000f30   0x00000f30   0x00000120   Code   RO          139    i.ST7735_DrawBitmap  st7735.o
    0x00001050   0x00001050   0x000000f8   Code   RO          141    i.ST7735_DrawCharS  st7735.o
    0x00001148   0x00001148   0x00000048   Code   RO          144    i.ST7735_DrawPixel  st7735.o
    0x00001190   0x00001190   0x00000056   Code   RO          145    i.ST7735_DrawString  st7735.o
    0x000011e6   0x000011e6   0x00000002   PAD
    0x000011e8   0x000011e8   0x000000ac   Code   RO          146    i.ST7735_FillRect   st7735.o
    0x00001294   0x00001294   0x00000024   Code   RO          147    i.ST7735_FillScreen  st7735.o
    0x000012b8   0x000012b8   0x0000007c   Code   RO          149    i.ST7735_InitR      st7735.o
    0x00001334   0x00001334   0x000000d8   Code   RO          151    i.ST7735_OutChar    st7735.o
    0x0000140c   0x0000140c   0x00000018   Code   RO          152    i.ST7735_OutString  st7735.o
    0x00001424   0x00001424   0x00000020   Code   RO          162    i.ST7735_SetCursor  st7735.o
    0x00001444   0x00001444   0x0000000c   Code   RO           86    i.Sound_Init        sound.o
    0x00001450   0x00001450   0x0000001c   Code   RO           87    i.Sound_Play        sound.o
    0x0000146c   0x0000146c   0x0000005c   Code   RO          400    i.SysTick_Handler   systick.o
    0x000014c8   0x000014c8   0x00000050   Code   RO          401    i.SysTick_Init      systick.o
    0x00001518   0x00001518   0x00000018   Code   RO           59    i.Timer0A_Handler   timer0.o
    0x00001530   0x00001530   0x0000000c   Code   RO           60    i.Timer0A_Stop      timer0.o
    0x0000153c   0x0000153c   0x00000064   Code   RO           61    i.Timer0_Init       timer0.o
    0x000015a0   0x000015a0   0x000003dc   Code   RO          526    i.choose_language   fruithackers.o
    0x0000197c   0x0000197c   0x00000056   Code   RO          166    i.commandList       st7735.o
    0x000019d2   0x000019d2   0x00000002   PAD
    0x000019d4   0x000019d4   0x00000188   Code   RO          167    i.commonInit        st7735.o
    0x00001b5c   0x00001b5c   0x00000054   Code   RO          402    i.fruit_dead        systick.o
    0x00001bb0   0x00001bb0   0x00000098   Code   RO          403    i.fruit_fall        systick.o
    0x00001c48   0x00001c48   0x0000008c   Code   RO          404    i.jump_systick      systick.o
    0x00001cd4   0x00001cd4   0x000003d0   Code   RO          527    i.main              fruithackers.o
    0x000020a4   0x000020a4   0x00000050   Code   RO          405    i.move_fruit        systick.o
    0x000020f4   0x000020f4   0x0000001c   Code   RO          406    i.move_ninja        systick.o
    0x00002110   0x00002110   0x0000004c   Code   RO           88    i.playsample        sound.o
    0x0000215c   0x0000215c   0x00000012   Code   RO          172    i.pushColor         st7735.o
    0x0000216e   0x0000216e   0x00000002   PAD
    0x00002170   0x00002170   0x00000074   Code   RO          173    i.setAddrWindow     st7735.o
    0x000021e4   0x000021e4   0x0000f834   Data   RO           89    .constdata          sound.o
    0x00011a18   0x00011a18   0x000007e2   Data   RO          175    .constdata          st7735.o
    0x000121fa   0x000121fa   0x00000002   PAD
    0x000121fc   0x000121fc   0x0000000c   Data   RO          407    .constdata          systick.o
    0x00012208   0x00012208   0x000000f0   Data   RO          510    .constdata          texas.o
    0x000122f8   0x000122f8   0x000104c8   Data   RO          529    .constdata          fruithackers.o
    0x000227c0   0x000227c0   0x00000020   Data   RO          720    Region$$Table       anon$$obj.o


    Execution Region ER_RW (Exec base: 0x20000000, Load base: 0x000227e0, Size: 0x000000e4, Max: 0xffffffff, ABSOLUTE)

    Exec Addr    Load Addr    Size         Type   Attr      Idx    E Section Name        Object

    0x20000000   0x000227e0   0x00000004   Data   RW           62    .data               timer0.o
    0x20000004   0x000227e4   0x00000038   Data   RW           90    .data               sound.o
    0x2000003c   0x0002281c   0x0000002c   Data   RW          176    .data               st7735.o
    0x20000068   0x00022848   0x00000006   Data   RW          408    .data               systick.o
    0x2000006e   0x0002284e   0x00000002   PAD
    0x20000070   0x00022850   0x00000007   Data   RW          484    .data               button.o
    0x20000077   0x00022857   0x00000001   PAD
    0x20000078   0x00022858   0x00000030   Data   RW          511    .data               texas.o
    0x200000a8   0x00022888   0x00000036   Data   RW          530    .data               fruithackers.o
    0x200000de   0x000228be   0x00000002   PAD
    0x200000e0   0x000228c0   0x00000004   Data   RW           12    DATA                random.o


    Execution Region ER_ZI (Exec base: 0x200000e4, Load base: 0x000228c4, Size: 0x000005dc, Max: 0xffffffff, ABSOLUTE)

    Exec Addr    Load Addr    Size         Type   Attr      Idx    E Section Name        Object

    0x200000e4   0x000228c4   0x00000004   PAD
    0x200000e8        -       0x00000038   Zero   RW          509    .bss                texas.o
    0x20000120        -       0x00000140   Zero   RW          528    .bss                fruithackers.o
    0x20000260        -       0x00000060   Zero   RW          594    .bss                c_w.l(libspace.o)
    0x200002c0        -       0x00000000   Zero   RW            2    HEAP                startup.o
    0x200002c0        -       0x00000400   Zero   RW            1    STACK               startup.o


==============================================================================

Image component sizes


      Code (inc. data)   RO Data    RW Data    ZI Data      Debug   Object Name

       268         26          0          0          0        928   adc.o
       440         66          0          7          0       2031   button.o
        68         18          0          0          0       5609   dac.o
      2180        878      66760         54        320       4199   fruithackers.o
        80         12          0          0          0        236   lcd.o
       184          0          0          0          0        268   print.o
        60         14          0          4          0        236   random.o
       116         22      63540         56          0       2670   sound.o
      1942        188       2018         44          0      13234   st7735.o
       692        632          0          0       1024        972   startup.o
      1040        128         12          6          0       5907   systick.o
      1184        188        240         48         56      14668   texas.o
       136         32          0          4          0       1859   timer0.o

    ----------------------------------------------------------------------
      8396       2204     132604        228       1404      52817   Object Totals
         0          0         32          0          0          0   (incl. Generated)
         6          0          2          5          4          0   (incl. Padding)

    ----------------------------------------------------------------------

      Code (inc. data)   RO Data    RW Data    ZI Data      Debug   Library Member Name

         8          0          0          0          0         68   __main.o
         0          0          0          0          0          0   __rtentry.o
        12          0          0          0          0          0   __rtentry2.o
         6          0          0          0          0          0   __rtentry4.o
        52          8          0          0          0          0   __scatter.o
        26          0          0          0          0          0   __scatter_copy.o
        28          0          0          0          0          0   __scatter_zi.o
        18          0          0          0          0         80   exit.o
         6          0          0          0          0        152   heapauxi.o
         0          0          0          0          0          0   indicate_semi.o
         2          0          0          0          0          0   libinit.o
         2          0          0          0          0          0   libinit2.o
         2          0          0          0          0          0   libshutdown.o
         2          0          0          0          0          0   libshutdown2.o
         8          4          0          0         96         68   libspace.o
         2          0          0          0          0          0   rtexit.o
        10          0          0          0          0          0   rtexit2.o
        12          4          0          0          0         68   sys_exit.o
        74          0          0          0          0         80   sys_stackheap_outer.o
         2          0          0          0          0         68   use_no_semi.o

    ----------------------------------------------------------------------
       280         16          0          0         96        584   Library Totals
         8          0          0          0          0          0   (incl. Padding)

    ----------------------------------------------------------------------

      Code (inc. data)   RO Data    RW Data    ZI Data      Debug   Library Name

       272         16          0          0         96        584   c_w.l

    ----------------------------------------------------------------------
       280         16          0          0         96        584   Library Totals

    ----------------------------------------------------------------------

==============================================================================


      Code (inc. data)   RO Data    RW Data    ZI Data      Debug   

      8676       2220     132604        228       1500      51213   Grand Totals
      8676       2220     132604        228       1500      51213   ELF Image Totals
      8676       2220     132604        228          0          0   ROM Totals

==============================================================================

    Total RO  Size (Code + RO Data)               141280 ( 137.97kB)
    Total RW  Size (RW Data + ZI Data)              1728 (   1.69kB)
    Total ROM Size (Code + RO Data + RW Data)     141508 ( 138.19kB)

==============================================================================

